Component: ARM Compiler 5.06 update 4 (build 422) Tool: armlink [4d35d2]

==============================================================================

Section Cross References

    main.o(i.Load_Drow_Dialog) refers to lcd.o(i.LCD_Clear) for LCD_Clear
    main.o(i.Load_Drow_Dialog) refers to lcd.o(i.LCD_ShowString) for LCD_ShowString
    main.o(i.Load_Drow_Dialog) refers to lcd.o(.data) for POINT_COLOR
    main.o(i.Load_Drow_Dialog) refers to lcd.o(.bss) for lcddev
    main.o(i.ctp_test) refers to main.o(i.lcd_draw_bline) for lcd_draw_bline
    main.o(i.ctp_test) refers to main.o(i.Load_Drow_Dialog) for Load_Drow_Dialog
    main.o(i.ctp_test) refers to delay.o(i.delay_ms) for delay_ms
    main.o(i.ctp_test) refers to stm32h7xx_hal_gpio.o(i.HAL_GPIO_TogglePin) for HAL_GPIO_TogglePin
    main.o(i.ctp_test) refers to touch.o(.data) for tp_dev
    main.o(i.ctp_test) refers to lcd.o(.bss) for lcddev
    main.o(i.ctp_test) refers to main.o(.constdata) for POINT_COLOR_TBL
    main.o(i.gui_draw_hline) refers to lcd.o(i.LCD_Fill) for LCD_Fill
    main.o(i.gui_draw_hline) refers to lcd.o(.bss) for lcddev
    main.o(i.gui_fill_circle) refers to main.o(i.gui_draw_hline) for gui_draw_hline
    main.o(i.lcd_draw_bline) refers to main.o(i.gui_fill_circle) for gui_fill_circle
    main.o(i.main) refers to _printf_pad.o(.text) for _printf_pre_padding
    main.o(i.main) refers to _printf_percent.o(.ARM.Collect$$_printf_percent$$00000000) for _printf_percent
    main.o(i.main) refers to _printf_x.o(.ARM.Collect$$_printf_percent$$0000000C) for _printf_x
    main.o(i.main) refers to _printf_hex_int.o(.text) for _printf_longlong_hex
    main.o(i.main) refers to _printf_d.o(.ARM.Collect$$_printf_percent$$00000009) for _printf_d
    main.o(i.main) refers to _printf_dec.o(.text) for _printf_int_dec
    main.o(i.main) refers to sys.o(i.Cache_Enable) for Cache_Enable
    main.o(i.main) refers to stm32h7xx_hal.o(i.HAL_Init) for HAL_Init
    main.o(i.main) refers to sys.o(i.Stm32_Clock_Init) for Stm32_Clock_Init
    main.o(i.main) refers to delay.o(i.delay_init) for delay_init
    main.o(i.main) refers to usart.o(i.uart_init) for uart_init
    main.o(i.main) refers to led.o(i.LED_Init) for LED_Init
    main.o(i.main) refers to key.o(i.KEY_Init) for KEY_Init
    main.o(i.main) refers to sdram.o(i.SDRAM_Init) for SDRAM_Init
    main.o(i.main) refers to gol.o(i.GOLInit) for GOLInit
    main.o(i.main) refers to touchscreen.o(i.TouchInit) for TouchInit
    main.o(i.main) refers to noretval__2sprintf.o(.text) for __2sprintf
    main.o(i.main) refers to stm32h7xx_hal_rcc.o(i.HAL_RCC_GetSysClockFreq) for HAL_RCC_GetSysClockFreq
    main.o(i.main) refers to stm32h7xx_hal_rcc.o(i.HAL_RCC_GetHCLKFreq) for HAL_RCC_GetHCLKFreq
    main.o(i.main) refers to stm32h7xx_hal_rcc.o(i.HAL_RCC_GetPCLK1Freq) for HAL_RCC_GetPCLK1Freq
    main.o(i.main) refers to gol.o(i.GOLFree) for GOLFree
    main.o(i.main) refers to gol.o(i.GOLCreateScheme) for GOLCreateScheme
    main.o(i.main) refers to button.o(i.BtnCreate) for BtnCreate
    main.o(i.main) refers to slider.o(i.SldCreate) for SldCreate
    main.o(i.main) refers to gol.o(i.GOLDraw) for GOLDraw
    main.o(i.main) refers to touchscreen.o(i.TouchGetMsg) for TouchGetMsg
    main.o(i.main) refers to noretval__2printf.o(.text) for __2printf
    main.o(i.main) refers to gol.o(i.GOLMsg) for GOLMsg
    main.o(i.main) refers to delay.o(i.delay_ms) for delay_ms
    main.o(i.main) refers to lcd.o(.bss) for lcddev
    main.o(i.main) refers to drvtft001.o(.data) for _color
    main.o(i.main) refers to primitive.o(.data) for _lineType
    main.o(i.main) refers to main.o(.data) for altScheme
    stm32h7xx_it.o(i.SysTick_Handler) refers to stm32h7xx_hal.o(i.HAL_IncTick) for HAL_IncTick
    system_stm32h7xx.o(i.SystemCoreClockUpdate) refers to system_stm32h7xx.o(.data) for SystemCoreClock
    system_stm32h7xx.o(i.SystemCoreClockUpdate) refers to system_stm32h7xx.o(.constdata) for D1CorePrescTable
    startup_stm32h743xx.o(STACK) refers (Special) to heapauxi.o(.text) for __use_two_region_memory
    startup_stm32h743xx.o(HEAP) refers (Special) to heapauxi.o(.text) for __use_two_region_memory
    startup_stm32h743xx.o(RESET) refers (Special) to heapauxi.o(.text) for __use_two_region_memory
    startup_stm32h743xx.o(RESET) refers to startup_stm32h743xx.o(STACK) for __initial_sp
    startup_stm32h743xx.o(RESET) refers to startup_stm32h743xx.o(.text) for Reset_Handler
    startup_stm32h743xx.o(RESET) refers to stm32h7xx_it.o(i.NMI_Handler) for NMI_Handler
    startup_stm32h743xx.o(RESET) refers to stm32h7xx_it.o(i.HardFault_Handler) for HardFault_Handler
    startup_stm32h743xx.o(RESET) refers to stm32h7xx_it.o(i.BusFault_Handler) for BusFault_Handler
    startup_stm32h743xx.o(RESET) refers to stm32h7xx_it.o(i.UsageFault_Handler) for UsageFault_Handler
    startup_stm32h743xx.o(RESET) refers to stm32h7xx_it.o(i.SVC_Handler) for SVC_Handler
[...]
    I2C4_ER_IRQHandler                       0x080003af   Thumb Code     0  startup_stm32h743xx.o(.text)
    I2C4_EV_IRQHandler                       0x080003af   Thumb Code     0  startup_stm32h743xx.o(.text)
    JPEG_IRQHandler                          0x080003af   Thumb Code     0  startup_stm32h743xx.o(.text)
    LPTIM1_IRQHandler                        0x080003af   Thumb Code     0  startup_stm32h743xx.o(.text)
    LPTIM2_IRQHandler                        0x080003af   Thumb Code     0  startup_stm32h743xx.o(.text)
    LPTIM3_IRQHandler                        0x080003af   Thumb Code     0  startup_stm32h743xx.o(.text)
    LPTIM4_IRQHandler                        0x080003af   Thumb Code     0  startup_stm32h743xx.o(.text)
    LPTIM5_IRQHandler                        0x080003af   Thumb Code     0  startup_stm32h743xx.o(.text)
    LPUART1_IRQHandler                       0x080003af   Thumb Code     0  startup_stm32h743xx.o(.text)
    LTDC_ER_IRQHandler                       0x080003af   Thumb Code     0  startup_stm32h743xx.o(.text)
    LTDC_IRQHandler                          0x080003af   Thumb Code     0  startup_stm32h743xx.o(.text)
    MDIOS_IRQHandler                         0x080003af   Thumb Code     0  startup_stm32h743xx.o(.text)
    MDIOS_WKUP_IRQHandler                    0x080003af   Thumb Code     0  startup_stm32h743xx.o(.text)
    MDMA_IRQHandler                          0x080003af   Thumb Code     0  startup_stm32h743xx.o(.text)
    OTG_FS_EP1_IN_IRQHandler                 0x080003af   Thumb Code     0  startup_stm32h743xx.o(.text)
    OTG_FS_EP1_OUT_IRQHandler                0x080003af   Thumb Code     0  startup_stm32h743xx.o(.text)
    OTG_FS_IRQHandler                        0x080003af   Thumb Code     0  startup_stm32h743xx.o(.text)
    OTG_FS_WKUP_IRQHandler                   0x080003af   Thumb Code     0  startup_stm32h743xx.o(.text)
    OTG_HS_EP1_IN_IRQHandler                 0x080003af   Thumb Code     0  startup_stm32h743xx.o(.text)
    OTG_HS_EP1_OUT_IRQHandler                0x080003af   Thumb Code     0  startup_stm32h743xx.o(.text)
    OTG_HS_IRQHandler                        0x080003af   Thumb Code     0  startup_stm32h743xx.o(.text)
    OTG_HS_WKUP_IRQHandler                   0x080003af   Thumb Code     0  startup_stm32h743xx.o(.text)
    PVD_AVD_IRQHandler                       0x080003af   Thumb Code     0  startup_stm32h743xx.o(.text)
    QUADSPI_IRQHandler                       0x080003af   Thumb Code     0  startup_stm32h743xx.o(.text)
    RCC_IRQHandler                           0x080003af   Thumb Code     0  startup_stm32h743xx.o(.text)
    RNG_IRQHandler                           0x080003af   Thumb Code     0  startup_stm32h743xx.o(.text)
    RTC_Alarm_IRQHandler                     0x080003af   Thumb Code     0  startup_stm32h743xx.o(.text)
    RTC_WKUP_IRQHandler                      0x080003af   Thumb Code     0  startup_stm32h743xx.o(.text)
    SAI1_IRQHandler                          0x080003af   Thumb Code     0  startup_stm32h743xx.o(.text)
    SAI2_IRQHandler                          0x080003af   Thumb Code     0  startup_stm32h743xx.o(.text)
    SAI3_IRQHandler                          0x080003af   Thumb Code     0  startup_stm32h743xx.o(.text)
    SAI4_IRQHandler                          0x080003af   Thumb Code     0  startup_stm32h743xx.o(.text)
    SDMMC1_IRQHandler                        0x080003af   Thumb Code     0  startup_stm32h743xx.o(.text)
    SDMMC2_IRQHandler                        0x080003af   Thumb Code     0  startup_stm32h743xx.o(.text)
    SPDIF_RX_IRQHandler                      0x080003af   Thumb Code     0  startup_stm32h743xx.o(.text)
    SPI1_IRQHandler                          0x080003af   Thumb Code     0  startup_stm32h743xx.o(.text)
    SPI2_IRQHandler                          0x080003af   Thumb Code     0  startup_stm32h743xx.o(.text)
    SPI3_IRQHandler                          0x080003af   Thumb Code     0  startup_stm32h743xx.o(.text)
    SPI4_IRQHandler                          0x080003af   Thumb Code     0  startup_stm32h743xx.o(.text)
    SPI5_IRQHandler                          0x080003af   Thumb Code     0  startup_stm32h743xx.o(.text)
    SPI6_IRQHandler                          0x080003af   Thumb Code     0  startup_stm32h743xx.o(.text)
    SWPMI1_IRQHandler                        0x080003af   Thumb Code     0  startup_stm32h743xx.o(.text)
    TAMP_STAMP_IRQHandler                    0x080003af   Thumb Code     0  startup_stm32h743xx.o(.text)
    TIM15_IRQHandler                         0x080003af   Thumb Code     0  startup_stm32h743xx.o(.text)
    TIM16_IRQHandler                         0x080003af   Thumb Code     0  startup_stm32h743xx.o(.text)
    TIM17_IRQHandler                         0x080003af   Thumb Code     0  startup_stm32h743xx.o(.text)
    TIM1_BRK_IRQHandler                      0x080003af   Thumb Code     0  startup_stm32h743xx.o(.text)
    TIM1_CC_IRQHandler                       0x080003af   Thumb Code     0  startup_stm32h743xx.o(.text)
    TIM1_TRG_COM_IRQHandler                  0x080003af   Thumb Code     0  startup_stm32h743xx.o(.text)
    TIM1_UP_IRQHandler                       0x080003af   Thumb Code     0  startup_stm32h743xx.o(.text)
    TIM2_IRQHandler                          0x080003af   Thumb Code     0  startup_stm32h743xx.o(.text)
    TIM3_IRQHandler                          0x080003af   Thumb Code     0  startup_stm32h743xx.o(.text)
    TIM4_IRQHandler                          0x080003af   Thumb Code     0  startup_stm32h743xx.o(.text)
    TIM5_IRQHandler                          0x080003af   Thumb Code     0  startup_stm32h743xx.o(.text)
    TIM6_DAC_IRQHandler                      0x080003af   Thumb Code     0  startup_stm32h743xx.o(.text)
    TIM7_IRQHandler                          0x080003af   Thumb Code     0  startup_stm32h743xx.o(.text)
    TIM8_BRK_TIM12_IRQHandler                0x080003af   Thumb Code     0  startup_stm32h743xx.o(.text)
    TIM8_CC_IRQHandler                       0x080003af   Thumb Code     0  startup_stm32h743xx.o(.text)
    TIM8_TRG_COM_TIM14_IRQHandler            0x080003af   Thumb Code     0  startup_stm32h743xx.o(.text)
    TIM8_UP_TIM13_IRQHandler                 0x080003af   Thumb Code     0  startup_stm32h743xx.o(.text)
    UART4_IRQHandler                         0x080003af   Thumb Code     0  startup_stm32h743xx.o(.text)
    UART5_IRQHandler                         0x080003af   Thumb Code     0  startup_stm32h743xx.o(.text)
    UART7_IRQHandler                         0x080003af   Thumb Code     0  startup_stm32h743xx.o(.text)
    UART8_IRQHandler                         0x080003af   Thumb Code     0  startup_stm32h743xx.o(.text)
    USART2_IRQHandler                        0x080003af   Thumb Code     0  startup_stm32h743xx.o(.text)
    USART3_IRQHandler                        0x080003af   Thumb Code     0  startup_stm32h743xx.o(.text)
    USART6_IRQHandler                        0x080003af   Thumb Code     0  startup_stm32h743xx.o(.text)
    WAKEUP_PIN_IRQHandler                    0x080003af   Thumb Code     0  startup_stm32h743xx.o(.text)
    WWDG_IRQHandler                          0x080003af   Thumb Code     0  startup_stm32h743xx.o(.text)
    __user_initial_stackheap                 0x080003b1   Thumb Code     0  startup_stm32h743xx.o(.text)
    malloc                                   0x080003d5   Thumb Code    94  h1_alloc.o(.text)
    free                                     0x08000433   Thumb Code    78  h1_free.o(.text)
    __aeabi_uldivmod                         0x08000481   Thumb Code     0  lludivv7m.o(.text)
    _ll_udiv                                 0x08000481   Thumb Code   238  lludivv7m.o(.text)
    __2printf                                0x08000571   Thumb Code    20  noretval__2printf.o(.text)
    __2sprintf                               0x08000589   Thumb Code    34  noretval__2sprintf.o(.text)
    _printf_pre_padding                      0x080005b1   Thumb Code    44  _printf_pad.o(.text)
    _printf_post_padding                     0x080005dd   Thumb Code    34  _printf_pad.o(.text)
    _printf_str                              0x080005ff   Thumb Code    82  _printf_str.o(.text)
    _printf_int_dec                          0x08000651   Thumb Code   104  _printf_dec.o(.text)
    _printf_int_hex                          0x080006c9   Thumb Code    84  _printf_hex_int.o(.text)
    _printf_longlong_hex                     0x080006c9   Thumb Code     0  _printf_hex_int.o(.text)
    __printf                                 0x08000721   Thumb Code   308  __printf_flags_wp.o(.text)
    __aeabi_memcpy4                          0x08000859   Thumb Code     0  rt_memcpy_w.o(.text)
    __aeabi_memcpy8                          0x08000859   Thumb Code     0  rt_memcpy_w.o(.text)
    __rt_memcpy_w                            0x08000859   Thumb Code   100  rt_memcpy_w.o(.text)
    _memcpy_lastbytes_aligned                0x080008a1   Thumb Code     0  rt_memcpy_w.o(.text)
    strcmp                                   0x080008bd   Thumb Code   104  strcmpv7m_pel.o(.text)
    __use_two_region_memory                  0x08000925   Thumb Code     2  heapauxi.o(.text)
    __rt_heap_escrow                         0x08000927   Thumb Code     2  heapauxi.o(.text)
    __rt_heap_expand                         0x08000929   Thumb Code     2  heapauxi.o(.text)
    __rt_heap_descriptor                     0x0800092d   Thumb Code     8  rt_heap_descriptor_intlibspace.o(.text)
    __use_no_heap                            0x08000935   Thumb Code     2  hguard.o(.text)
    __heap$guard                             0x08000937   Thumb Code     2  hguard.o(.text)
    _terminate_user_alloc                    0x08000939   Thumb Code     2  init_alloc.o(.text)
    _init_user_alloc                         0x0800093b   Thumb Code     2  init_alloc.o(.text)
    __Heap_Full                              0x0800093d   Thumb Code    34  init_alloc.o(.text)
    __Heap_Broken                            0x0800095f   Thumb Code     6  init_alloc.o(.text)
    _init_alloc                              0x08000965   Thumb Code    94  init_alloc.o(.text)
    __Heap_Initialize                        0x080009c3   Thumb Code    10  h1_init.o(.text)
    __Heap_DescSize                          0x080009cd   Thumb Code     4  h1_init.o(.text)
    __read_errno                             0x080009d1   Thumb Code    10  _rserrno.o(.text)
    __set_errno                              0x080009db   Thumb Code    12  _rserrno.o(.text)
    _printf_int_common                       0x080009e7   Thumb Code   178  _printf_intcommon.o(.text)
    _printf_char_common                      0x08000aa3   Thumb Code    32  _printf_char_common.o(.text)
    _sputc                                   0x08000ac9   Thumb Code    10  _sputc.o(.text)
    _printf_cs_common                        0x08000ad3   Thumb Code    20  _printf_char.o(.text)
    _printf_char                             0x08000ae7   Thumb Code    16  _printf_char.o(.text)
    _printf_string                           0x08000af7   Thumb Code     8  _printf_char.o(.text)
    _printf_char_file                        0x08000b01   Thumb Code    32  _printf_char_file.o(.text)
    __user_libspace                          0x08000b25   Thumb Code     8  libspace.o(.text)
    __user_perproc_libspace                  0x08000b25   Thumb Code     0  libspace.o(.text)
    __user_perthread_libspace                0x08000b25   Thumb Code     0  libspace.o(.text)
    __aeabi_errno_addr                       0x08000b2d   Thumb Code     8  rt_errno_addr_intlibspace.o(.text)
    __errno$intlibspace                      0x08000b2d   Thumb Code     0  rt_errno_addr_intlibspace.o(.text)
    __rt_errno_addr$intlibspace              0x08000b2d   Thumb Code     0  rt_errno_addr_intlibspace.o(.text)
    __Heap_ProvideMemory                     0x08000b35   Thumb Code    52  h1_extend.o(.text)
    ferror                                   0x08000b69   Thumb Code     8  ferror.o(.text)
    __rt_SIGRTMEM                            0x08000b71   Thumb Code    14  defsig_rtmem_outer.o(.text)
    __I$use$semihosting                      0x08000b7f   Thumb Code     0  use_no_semi.o(.text)
    __use_no_semihosting_swi                 0x08000b7f   Thumb Code     2  use_no_semi.o(.text)
    __semihosting_library_function           0x08000b81   Thumb Code     0  indicate_semi.o(.text)
    __user_setup_stackheap                   0x08000b81   Thumb Code    74  sys_stackheap_outer.o(.text)
    exit                                     0x08000bcb   Thumb Code    18  exit.o(.text)
    __sig_exit                               0x08000bdd   Thumb Code    10  defsig_exit.o(.text)
    __rt_SIGRTMEM_inner                      0x08000be9   Thumb Code    22  defsig_rtmem_inner.o(.text)
    __default_signal_display                 0x08000c39   Thumb Code    50  defsig_general.o(.text)
    _ttywrch                                 0x08000c6b   Thumb Code    14  sys_wrch.o(.text)
    AT24CXX_ReadLenByte                      0x08000c79   Thumb Code    44  24cxx.o(i.AT24CXX_ReadLenByte)
    AT24CXX_ReadOneByte                      0x08000ca5   Thumb Code    88  24cxx.o(i.AT24CXX_ReadOneByte)
    AT24CXX_WriteLenByte                     0x08000cfd   Thumb Code    42  24cxx.o(i.AT24CXX_WriteLenByte)
    AT24CXX_WriteOneByte                     0x08000d27   Thumb Code    80  24cxx.o(i.AT24CXX_WriteOneByte)
    Arc                                      0x08000d79   Thumb Code  1778  primitive.o(i.Arc)
    Bar                                      0x08001499   Thumb Code   130  drvtft001.o(i.Bar)
    Bevel                                    0x08001531   Thumb Code   678  primitive.o(i.Bevel)
    BtnCreate                                0x080017e1   Thumb Code   148  button.o(i.BtnCreate)
    BtnDraw                                  0x08001879   Thumb Code   776  button.o(i.BtnDraw)
    BtnMsgDefault                            0x08001bcd   Thumb Code    80  button.o(i.BtnMsgDefault)
    BtnTranslateMsg                          0x08001c1d   Thumb Code   172  button.o(i.BtnTranslateMsg)
    BusFault_Handler                         0x08001cc9   Thumb Code     4  stm32h7xx_it.o(i.BusFault_Handler)
    CT_Delay                                 0x08001ccd   Thumb Code    10  ctiic.o(i.CT_Delay)
    CT_IIC_Ack                               0x08001cd9   Thumb Code    78  ctiic.o(i.CT_IIC_Ack)
    CT_IIC_Init                              0x08001d31   Thumb Code    96  ctiic.o(i.CT_IIC_Init)
    CT_IIC_NAck                              0x08001d9d   Thumb Code    78  ctiic.o(i.CT_IIC_NAck)
    CT_IIC_Read_Byte                         0x08001df5   Thumb Code   100  ctiic.o(i.CT_IIC_Read_Byte)
    CT_IIC_Send_Byte                         0x08001e61   Thumb Code   112  ctiic.o(i.CT_IIC_Send_Byte)
    CT_IIC_Start                             0x08001ed9   Thumb Code    76  ctiic.o(i.CT_IIC_Start)
    CT_IIC_Stop                              0x08001f2d   Thumb Code    66  ctiic.o(i.CT_IIC_Stop)
    CT_IIC_Wait_Ack                          0x08001f79   Thumb Code    94  ctiic.o(i.CT_IIC_Wait_Ack)
    Cache_Enable                             0x08001fe1   Thumb Code    24  sys.o(i.Cache_Enable)
    CbDraw                                   0x08001ffd   Thumb Code   660  checkbox.o(i.CbDraw)
    CbMsgDefault                             0x080022cd   Thumb Code    72  checkbox.o(i.CbMsgDefault)
    CbTranslateMsg                           0x08002315   Thumb Code    98  checkbox.o(i.CbTranslateMsg)
    ClearDevice                              0x08002379   Thumb Code    12  drvtft001.o(i.ClearDevice)
    DebugMon_Handler                         0x08002389   Thumb Code     2  stm32h7xx_it.o(i.DebugMon_Handler)
    EbAddChar                                0x0800238b   Thumb Code    36  editbox.o(i.EbAddChar)
    EbDeleteChar                             0x080023af   Thumb Code    24  editbox.o(i.EbDeleteChar)
    EbDraw                                   0x080023c9   Thumb Code   600  editbox.o(i.EbDraw)
    EbMsgDefault                             0x0800266d   Thumb Code    76  editbox.o(i.EbMsgDefault)
    EbTranslateMsg                           0x080026b9   Thumb Code    80  editbox.o(i.EbTranslateMsg)
    FMC_SDRAM_Init                           0x08002709   Thumb Code   116  stm32h7xx_ll_fmc.o(i.FMC_SDRAM_Init)
    FMC_SDRAM_ProgramRefreshRate             0x0800277d   Thumb Code    14  stm32h7xx_ll_fmc.o(i.FMC_SDRAM_ProgramRefreshRate)
    FMC_SDRAM_SendCommand                    0x0800278b   Thumb Code    38  stm32h7xx_ll_fmc.o(i.FMC_SDRAM_SendCommand)
    FMC_SDRAM_Timing_Init                    0x080027b1   Thumb Code   152  stm32h7xx_ll_fmc.o(i.FMC_SDRAM_Timing_Init)
    FillBevel                                0x0800284d   Thumb Code   702  primitive.o(i.FillBevel)
    GOLAddObject                             0x08002b2d   Thumb Code    36  gol.o(i.GOLAddObject)
    GOLCanBeFocused                          0x08002b55   Thumb Code    46  gol.o(i.GOLCanBeFocused)
    GOLCreateScheme                          0x08002b85   Thumb Code    72  gol.o(i.GOLCreateScheme)
    GOLDraw                                  0x08002bd1   Thumb Code   280  gol.o(i.GOLDraw)
    GOLDrawCallback                          0x08002cf1   Thumb Code   266  lcd.o(i.GOLDrawCallback)
    GOLFindObject                            0x08002e0d   Thumb Code    28  gol.o(i.GOLFindObject)
    GOLFree                                  0x08002e2d   Thumb Code    46  gol.o(i.GOLFree)
    GOLInit                                  0x08002e65   Thumb Code    16  gol.o(i.GOLInit)
    GOLMsg                                   0x08002e79   Thumb Code   468  gol.o(i.GOLMsg)
    GOLMsgCallback                           0x08003051   Thumb Code   192  lcd.o(i.GOLMsgCallback)
    GOLPanelDrawTsk                          0x08003125   Thumb Code   966  gol.o(i.GOLPanelDrawTsk)
    GOLSetFocus                              0x08003521   Thumb Code    70  gol.o(i.GOLSetFocus)
    GT9147_RD_Reg                            0x0800356d   Thumb Code    98  gt9147.o(i.GT9147_RD_Reg)
    GT9147_WR_Reg                            0x080035cf   Thumb Code    92  gt9147.o(i.GT9147_WR_Reg)
    GT9271_Init                              0x0800362d   Thumb Code   290  gt9271.o(i.GT9271_Init)
    GT9271_RD_Reg                            0x08003789   Thumb Code    98  gt9271.o(i.GT9271_RD_Reg)
    GT9271_Scan                              0x080037ed   Thumb Code   560  gt9271.o(i.GT9271_Scan)
    GT9271_Send_Cfg                          0x08003a31   Thumb Code    86  gt9271.o(i.GT9271_Send_Cfg)
    GT9271_WR_Reg                            0x08003a8d   Thumb Code    92  gt9271.o(i.GT9271_WR_Reg)
    GbDraw                                   0x08003ae9   Thumb Code   740  groupbox.o(i.GbDraw)
    GbTranslateMsg                           0x08003de9   Thumb Code    84  groupbox.o(i.GbTranslateMsg)
    GetImageHeight                           0x08003e3d   Thumb Code    18  primitive.o(i.GetImageHeight)
    GetImageWidth                            0x08003e4f   Thumb Code    18  primitive.o(i.GetImageWidth)
    GetTextHeight                            0x08003e61   Thumb Code    16  primitive.o(i.GetTextHeight)
    GetTextWidth                             0x08003e71   Thumb Code    68  primitive.o(i.GetTextWidth)
    HAL_DMA_Abort_IT                         0x08003eb5   Thumb Code   236  stm32h7xx_hal_dma.o(i.HAL_DMA_Abort_IT)
    HAL_EnableCompensationCell               0x08003fad   Thumb Code    14  stm32h7xx_hal.o(i.HAL_EnableCompensationCell)
    HAL_GPIO_Init                            0x08003fc1   Thumb Code   534  stm32h7xx_hal_gpio.o(i.HAL_GPIO_Init)
    HAL_GPIO_ReadPin                         0x0800420d   Thumb Code    16  stm32h7xx_hal_gpio.o(i.HAL_GPIO_ReadPin)
    HAL_GPIO_WritePin                        0x0800421d   Thumb Code    10  stm32h7xx_hal_gpio.o(i.HAL_GPIO_WritePin)
    HAL_GetTick                              0x08004229   Thumb Code     6  stm32h7xx_hal.o(i.HAL_GetTick)
    HAL_IncTick                              0x08004235   Thumb Code    16  stm32h7xx_hal.o(i.HAL_IncTick)
    HAL_Init                                 0x0800424d   Thumb Code    28  stm32h7xx_hal.o(i.HAL_Init)
    HAL_InitTick                             0x08004269   Thumb Code    64  stm32h7xx_hal.o(i.HAL_InitTick)
    HAL_LTDC_ConfigLayer                     0x080042b5   Thumb Code    94  stm32h7xx_hal_ltdc.o(i.HAL_LTDC_ConfigLayer)
    HAL_LTDC_Init                            0x08004315   Thumb Code   278  stm32h7xx_hal_ltdc.o(i.HAL_LTDC_Init)
    HAL_LTDC_MspInit                         0x08004431   Thumb Code   300  ltdc.o(i.HAL_LTDC_MspInit)
    HAL_LTDC_SetWindowPosition               0x08004575   Thumb Code   108  stm32h7xx_hal_ltdc.o(i.HAL_LTDC_SetWindowPosition)
    HAL_LTDC_SetWindowSize                   0x080045e1   Thumb Code   108  stm32h7xx_hal_ltdc.o(i.HAL_LTDC_SetWindowSize)
    HAL_MspInit                              0x0800464d   Thumb Code     2  stm32h7xx_hal_msp.o(i.HAL_MspInit)
    HAL_NVIC_EnableIRQ                       0x0800464f   Thumb Code    32  stm32h7xx_hal_cortex.o(i.HAL_NVIC_EnableIRQ)
    HAL_NVIC_SetPriority                     0x0800466f   Thumb Code   122  stm32h7xx_hal_cortex.o(i.HAL_NVIC_SetPriority)
    HAL_NVIC_SetPriorityGrouping             0x080046e9   Thumb Code    32  stm32h7xx_hal_cortex.o(i.HAL_NVIC_SetPriorityGrouping)
    HAL_RCCEx_GetD1SysClockFreq              0x08004711   Thumb Code    44  stm32h7xx_hal_rcc_ex.o(i.HAL_RCCEx_GetD1SysClockFreq)
    HAL_RCCEx_GetD3PCLK1Freq                 0x08004749   Thumb Code    34  stm32h7xx_hal_rcc_ex.o(i.HAL_RCCEx_GetD3PCLK1Freq)
    HAL_RCCEx_GetPLL2ClockFreq               0x08004775   Thumb Code   532  stm32h7xx_hal_rcc_ex.o(i.HAL_RCCEx_GetPLL2ClockFreq)
    HAL_RCCEx_GetPLL3ClockFreq               0x080049a1   Thumb Code   532  stm32h7xx_hal_rcc_ex.o(i.HAL_RCCEx_GetPLL3ClockFreq)
    HAL_RCCEx_PeriphCLKConfig                0x08004bcd   Thumb Code  2868  stm32h7xx_hal_rcc_ex.o(i.HAL_RCCEx_PeriphCLKConfig)
    HAL_RCC_ClockConfig                      0x08005705   Thumb Code   574  stm32h7xx_hal_rcc.o(i.HAL_RCC_ClockConfig)
    HAL_RCC_GetHCLKFreq                      0x08005955   Thumb Code    42  stm32h7xx_hal_rcc.o(i.HAL_RCC_GetHCLKFreq)
    HAL_RCC_GetPCLK1Freq                     0x0800598d   Thumb Code    34  stm32h7xx_hal_rcc.o(i.HAL_RCC_GetPCLK1Freq)
    HAL_RCC_GetPCLK2Freq                     0x080059b9   Thumb Code    36  stm32h7xx_hal_rcc.o(i.HAL_RCC_GetPCLK2Freq)
    HAL_RCC_GetSysClockFreq                  0x080059e5   Thumb Code   556  stm32h7xx_hal_rcc.o(i.HAL_RCC_GetSysClockFreq)
    HAL_RCC_OscConfig                        0x08005c29   Thumb Code  1724  stm32h7xx_hal_rcc.o(i.HAL_RCC_OscConfig)
    HAL_SDRAM_Init                           0x080062ed   Thumb Code    76  stm32h7xx_hal_sdram.o(i.HAL_SDRAM_Init)
    HAL_SDRAM_MspInit                        0x0800633d   Thumb Code   290  sdram.o(i.HAL_SDRAM_MspInit)
    HAL_SDRAM_ProgramRefreshRate             0x08006479   Thumb Code    40  stm32h7xx_hal_sdram.o(i.HAL_SDRAM_ProgramRefreshRate)
    HAL_SDRAM_SendCommand                    0x080064a1   Thumb Code    58  stm32h7xx_hal_sdram.o(i.HAL_SDRAM_SendCommand)
    HAL_SYSTICK_CLKSourceConfig              0x080064db   Thumb Code    40  stm32h7xx_hal_cortex.o(i.HAL_SYSTICK_CLKSourceConfig)
    HAL_SYSTICK_Config                       0x08006503   Thumb Code    52  stm32h7xx_hal_cortex.o(i.HAL_SYSTICK_Config)
    HAL_UARTEx_WakeupCallback                0x08006537   Thumb Code     2  stm32h7xx_hal_uart_ex.o(i.HAL_UARTEx_WakeupCallback)
    HAL_UART_ErrorCallback                   0x08006539   Thumb Code     2  stm32h7xx_hal_uart.o(i.HAL_UART_ErrorCallback)
    HAL_UART_GetState                        0x0800653b   Thumb Code    20  stm32h7xx_hal_uart.o(i.HAL_UART_GetState)
    HAL_UART_IRQHandler                      0x08006551   Thumb Code   434  stm32h7xx_hal_uart.o(i.HAL_UART_IRQHandler)
    HAL_UART_Init                            0x0800670d   Thumb Code   120  stm32h7xx_hal_uart.o(i.HAL_UART_Init)
    HAL_UART_MspInit                         0x08006785   Thumb Code   138  usart.o(i.HAL_UART_MspInit)
    HAL_UART_Receive_IT                      0x0800681d   Thumb Code   224  stm32h7xx_hal_uart.o(i.HAL_UART_Receive_IT)
    HAL_UART_RxCpltCallback                  0x080068fd   Thumb Code   120  usart.o(i.HAL_UART_RxCpltCallback)
    HAL_UART_TxCpltCallback                  0x08006985   Thumb Code     2  stm32h7xx_hal_uart.o(i.HAL_UART_TxCpltCallback)
    HardFault_Handler                        0x08006987   Thumb Code     4  stm32h7xx_it.o(i.HardFault_Handler)
    IIC_Ack                                  0x0800698d   Thumb Code    78  myiic.o(i.IIC_Ack)
    IIC_NAck                                 0x080069e1   Thumb Code    78  myiic.o(i.IIC_NAck)
    IIC_Read_Byte                            0x08006a35   Thumb Code   102  myiic.o(i.IIC_Read_Byte)
    IIC_Send_Byte                            0x08006aa1   Thumb Code   118  myiic.o(i.IIC_Send_Byte)
    IIC_Start                                0x08006b1d   Thumb Code    78  myiic.o(i.IIC_Start)
    IIC_Stop                                 0x08006b71   Thumb Code    78  myiic.o(i.IIC_Stop)
    IIC_Wait_Ack                             0x08006bc5   Thumb Code    98  myiic.o(i.IIC_Wait_Ack)
    InitGraph                                0x08006c2d   Thumb Code    54  primitive.o(i.InitGraph)
    KEY_Init                                 0x08006c81   Thumb Code   150  key.o(i.KEY_Init)
    LCD_Clear                                0x08006d29   Thumb Code    12  lcd.o(i.LCD_Clear)
    LCD_Display_Dir                          0x08006d35   Thumb Code    30  lcd.o(i.LCD_Display_Dir)
    LCD_DrawLine                             0x08006d5d   Thumb Code   176  lcd.o(i.LCD_DrawLine)
    LCD_DrawPoint                            0x08006e0d   Thumb Code    20  lcd.o(i.LCD_DrawPoint)
    LCD_Draw_Circle                          0x08006e25   Thumb Code   152  lcd.o(i.LCD_Draw_Circle)
    LCD_Fast_DrawPoint                       0x08006ebd   Thumb Code    20  lcd.o(i.LCD_Fast_DrawPoint)
    LCD_Init                                 0x08006ed1   Thumb Code    46  lcd.o(i.LCD_Init)
    LCD_Pow                                  0x08006f09   Thumb Code    22  lcd.o(i.LCD_Pow)
    LCD_ShowChar                             0x08006f21   Thumb Code   288  lcd.o(i.LCD_ShowChar)
    LCD_ShowNum                              0x0800705d   Thumb Code   148  lcd.o(i.LCD_ShowNum)
    LCD_ShowString                           0x080070f1   Thumb Code   102  lcd.o(i.LCD_ShowString)
    LED_Init                                 0x08007159   Thumb Code    78  led.o(i.LED_Init)
    LTDC_Clear                               0x080071b1   Thumb Code    32  ltdc.o(i.LTDC_Clear)
    LTDC_Clk_Set                             0x080071d5   Thumb Code    46  ltdc.o(i.LTDC_Clk_Set)
    LTDC_Display_Dir                         0x08007205   Thumb Code    40  ltdc.o(i.LTDC_Display_Dir)
    LTDC_Draw_Point                          0x08007231   Thumb Code    70  ltdc.o(i.LTDC_Draw_Point)
    LTDC_Fill                                0x08007281   Thumb Code   310  ltdc.o(i.LTDC_Fill)
    LTDC_Init                                0x080073c9   Thumb Code   360  ltdc.o(i.LTDC_Init)
    LTDC_Layer_Parameter_Config              0x0800754d   Thumb Code   114  ltdc.o(i.LTDC_Layer_Parameter_Config)
    LTDC_Layer_Window_Config                 0x080075c9   Thumb Code    44  ltdc.o(i.LTDC_Layer_Window_Config)
    LTDC_PanelID_Read                        0x080075f9   Thumb Code   198  ltdc.o(i.LTDC_PanelID_Read)
    LTDC_Select_Layer                        0x080076cd   Thumb Code     6  ltdc.o(i.LTDC_Select_Layer)
    LbChangeSel                              0x080078eb   Thumb Code    62  listbox.o(i.LbChangeSel)
    LbDelItemsList                           0x08007929   Thumb Code    28  listbox.o(i.LbDelItemsList)
    LbDraw                                   0x08007945   Thumb Code  1200  listbox.o(i.LbDraw)
    LbMsgDefault                             0x08007e01   Thumb Code   152  listbox.o(i.LbMsgDefault)
    LbTranslateMsg                           0x08007e99   Thumb Code    80  listbox.o(i.LbTranslateMsg)
    Line                                     0x08007ee9   Thumb Code   566  primitive.o(i.Line)
    MtrDraw                                  0x08008131   Thumb Code  3164  meter.o(i.MtrDraw)
    MtrMsgDefault                            0x08008dd5   Thumb Code    32  meter.o(i.MtrMsgDefault)
    MtrSetVal                                0x08008df5   Thumb Code    38  meter.o(i.MtrSetVal)
    MtrTranslateMsg                          0x08008e1b   Thumb Code    44  meter.o(i.MtrTranslateMsg)
    NMI_Handler                              0x08008e47   Thumb Code     2  stm32h7xx_it.o(i.NMI_Handler)
    OutChar                                  0x08008e49   Thumb Code   276  primitive.o(i.OutChar)
    OutText                                  0x08008f79   Thumb Code    48  primitive.o(i.OutText)
    PbDraw                                   0x08008fad   Thumb Code   630  progressbar.o(i.PbDraw)
    PbWordToString                           0x08009265   Thumb Code   100  progressbar.o(i.PbWordToString)
    PendSV_Handler                           0x080092c9   Thumb Code     2  stm32h7xx_it.o(i.PendSV_Handler)
    PictDraw                                 0x080092cd   Thumb Code   486  picture.o(i.PictDraw)
    PictTranslateMsg                         0x080094d1   Thumb Code    76  picture.o(i.PictTranslateMsg)
    PutImage                                 0x0800951d   Thumb Code   122  primitive.o(i.PutImage)
    PutImage16BPP                            0x0800959d   Thumb Code   166  primitive.o(i.PutImage16BPP)
    PutImage1BPP                             0x08009649   Thumb Code   206  primitive.o(i.PutImage1BPP)
    PutImage4BPP                             0x0800971d   Thumb Code   204  primitive.o(i.PutImage4BPP)
    PutImage8BPP                             0x080097ed   Thumb Code   190  primitive.o(i.PutImage8BPP)
    PutPixel                                 0x080098b1   Thumb Code    20  drvtft001.o(i.PutPixel)
    RbDraw                                   0x08009b29   Thumb Code   644  radiobutton.o(i.RbDraw)
    RbMsgDefault                             0x08009df9   Thumb Code    82  radiobutton.o(i.RbMsgDefault)
    RbTranslateMsg                           0x08009e4b   Thumb Code    94  radiobutton.o(i.RbTranslateMsg)
    RdiaDraw                                 0x08009ea9   Thumb Code   502  rounddial.o(i.RdiaDraw)
    RdiaMsgDefault                           0x0800a0dd   Thumb Code    40  rounddial.o(i.RdiaMsgDefault)
    RdiaTranslateMsg                         0x0800a105   Thumb Code   744  rounddial.o(i.RdiaTranslateMsg)
    ResetDevice                              0x0800a3f5   Thumb Code     8  drvtft001.o(i.ResetDevice)
    SDRAM_Init                               0x0800a515   Thumb Code    94  sdram.o(i.SDRAM_Init)
    SDRAM_Initialization_Sequence            0x0800a57d   Thumb Code    78  sdram.o(i.SDRAM_Initialization_Sequence)
    SDRAM_Send_Cmd                           0x0800a5d1   Thumb Code    68  sdram.o(i.SDRAM_Send_Cmd)
    SVC_Handler                              0x0800a619   Thumb Code     2  stm32h7xx_it.o(i.SVC_Handler)
    SetFont                                  0x0800a61d   Thumb Code    40  primitive.o(i.SetFont)
    SldCreate                                0x0800a655   Thumb Code   120  slider.o(i.SldCreate)
    SldDraw                                  0x0800a6d1   Thumb Code  1536  slider.o(i.SldDraw)
    SldGetHeight                             0x0800ad25   Thumb Code    92  slider.o(i.SldGetHeight)
    SldGetMinMaxPos                          0x0800ad81   Thumb Code    72  slider.o(i.SldGetMinMaxPos)
    SldGetWidth                              0x0800adc9   Thumb Code    92  slider.o(i.SldGetWidth)
    SldMsgDefault                            0x0800ae25   Thumb Code   222  slider.o(i.SldMsgDefault)
    SldSetPos                                0x0800af03   Thumb Code   158  slider.o(i.SldSetPos)
    SldSetThumbSize                          0x0800afa1   Thumb Code    34  slider.o(i.SldSetThumbSize)
    SldTranslateMsg                          0x0800afc3   Thumb Code   132  slider.o(i.SldTranslateMsg)
    StDraw                                   0x0800b049   Thumb Code   614  statictext.o(i.StDraw)
    StTranslateMsg                           0x0800b2e9   Thumb Code    76  statictext.o(i.StTranslateMsg)
    Stm32_Clock_Init                         0x0800b335   Thumb Code   238  sys.o(i.Stm32_Clock_Init)
    SysTick_Handler                          0x0800b42d   Thumb Code     8  stm32h7xx_it.o(i.SysTick_Handler)
    SystemInit                               0x0800b435   Thumb Code   130  system_stm32h7xx.o(i.SystemInit)
    TP_Adj_Info_Show                         0x0800b4c9   Thumb Code   374  touch.o(i.TP_Adj_Info_Show)
    TP_Adjust                                0x0800b671   Thumb Code  1806  touch.o(i.TP_Adjust)
    TP_Drow_Touch_Point                      0x0800bdc1   Thumb Code   108  touch.o(i.TP_Drow_Touch_Point)
    TP_Get_Adjdata                           0x0800be31   Thumb Code   164  touch.o(i.TP_Get_Adjdata)
    TP_Init                                  0x0800bee5   Thumb Code    68  touch.o(i.TP_Init)
    TP_Read_AD                               0x0800bf35   Thumb Code   170  touch.o(i.TP_Read_AD)
    TP_Read_XOY                              0x0800bfed   Thumb Code   120  touch.o(i.TP_Read_XOY)
    TP_Read_XY                               0x0800c065   Thumb Code    38  touch.o(i.TP_Read_XY)
    TP_Read_XY2                              0x0800c095   Thumb Code   192  touch.o(i.TP_Read_XY2)
    TP_Save_Adjdata                          0x0800c155   Thumb Code   118  touch.o(i.TP_Save_Adjdata)
    TP_Scan                                  0x0800c1d5   Thumb Code   240  touch.o(i.TP_Scan)
    TP_Write_Byte                            0x0800c2cd   Thumb Code    78  touch.o(i.TP_Write_Byte)
    TouchGetMsg                              0x0800c325   Thumb Code   192  touchscreen.o(i.TouchGetMsg)
    TouchInit                                0x0800c40d   Thumb Code     8  touchscreen.o(i.TouchInit)
    UART_AdvFeatureConfig                    0x0800c415   Thumb Code   234  stm32h7xx_hal_uart.o(i.UART_AdvFeatureConfig)
    UART_CheckIdleState                      0x0800c4ff   Thumb Code   116  stm32h7xx_hal_uart.o(i.UART_CheckIdleState)
    UART_SetConfig                           0x0800c655   Thumb Code  2452  stm32h7xx_hal_uart.o(i.UART_SetConfig)
    UART_WaitOnFlagUntilTimeout              0x0800d07b   Thumb Code   108  stm32h7xx_hal_uart.o(i.UART_WaitOnFlagUntilTimeout)
    USART1_IRQHandler                        0x0800d0e9   Thumb Code    66  usart.o(i.USART1_IRQHandler)
    UsageFault_Handler                       0x0800d139   Thumb Code     4  stm32h7xx_it.o(i.UsageFault_Handler)
    WndDraw                                  0x0800d13d   Thumb Code   500  window.o(i.WndDraw)
    WndTranslateMsg                          0x0800d371   Thumb Code   138  window.o(i.WndTranslateMsg)
    __ARM_fpclassify                         0x0800d3fb   Thumb Code    48  fpclassify.o(i.__ARM_fpclassify)
    __hardfp_cos                             0x0800d469   Thumb Code   158  cos.o(i.__hardfp_cos)
    __hardfp_sin                             0x0800d519   Thumb Code   158  sin.o(i.__hardfp_sin)
    __hardfp_sqrt                            0x0800d5c9   Thumb Code   102  sqrt.o(i.__hardfp_sqrt)
    __ieee754_rem_pio2                       0x0800d631   Thumb Code   646  rred.o(i.__ieee754_rem_pio2)
    __kernel_cos                             0x0800d941   Thumb Code   182  cos_i.o(i.__kernel_cos)
    __kernel_poly                            0x0800da21   Thumb Code   112  poly.o(i.__kernel_poly)
    __kernel_sin                             0x0800da91   Thumb Code   144  sin_i.o(i.__kernel_sin)
    __mathlib_dbl_invalid                    0x0800db39   Thumb Code    10  dunder.o(i.__mathlib_dbl_invalid)
    __mathlib_dbl_underflow                  0x0800db51   Thumb Code    10  dunder.o(i.__mathlib_dbl_underflow)
    _is_digit                                0x0800db69   Thumb Code    14  __printf_wp.o(i._is_digit)
    _sys_exit                                0x0800db77   Thumb Code     4  usart.o(i._sys_exit)
    delay_init                               0x0800db7d   Thumb Code    16  delay.o(i.delay_init)
    delay_ms                                 0x0800db91   Thumb Code    24  delay.o(i.delay_ms)
    delay_us                                 0x0800dba9   Thumb Code    68  delay.o(i.delay_us)
    fabs                                     0x0800dbf1   Thumb Code    24  fabs.o(i.fabs)
    fputc                                    0x0800dc09   Thumb Code    22  usart.o(i.fputc)
    main                                     0x0800dc25   Thumb Code   330  main.o(i.main)
    uart_init                                0x0800ddd1   Thumb Code    44  usart.o(i.uart_init)
    _fp_init                                 0x0800de09   Thumb Code    10  fpinit.o(x$fpl$fpinit)
    __fplib_config_fpu_vfp                   0x0800de11   Thumb Code     0  fpinit.o(x$fpl$fpinit)
    __fplib_config_pureend_doubles           0x0800de11   Thumb Code     0  fpinit.o(x$fpl$fpinit)
    __I$use$fp                               0x0800de12   Number         0  usenofp.o(x$fpl$usenofp)
    D1CorePrescTable                         0x0800de42   Data          16  system_stm32h7xx.o(.constdata)
    asc2_1206                                0x0800deb2   Data        1140  lcd.o(.constdata)
    asc2_1608                                0x0800e326   Data        1520  lcd.o(.constdata)
    asc2_2412                                0x0800e916   Data        3420  lcd.o(.constdata)
    asc2_3216                                0x0800f672   Data       12160  lcd.o(.constdata)
    L7693                                    0x08012622   Data        2873  image.o(.constdata)
    L7155                                    0x0801315b   Data        2873  image.o(.constdata)
    GOLFontDefault                           0x08013cc4   Data           8  golfontdefault.o(.constdata)
    L1191258975                              0x08013ccc   Data        5504  golfontdefault.o(.constdata)
    _sineTable                               0x0801527c   Data          65  meter.o(.constdata)
    GT9271_CFG_TBL                           0x080152ee   Data         186  gt9271.o(.constdata)
    GT9271_TPX_TBL                           0x080153a8   Data          20  gt9271.o(.constdata)
    TP_REMIND_MSG_TBL                        0x080153ec   Data           4  touch.o(.constdata)
    Region$$Table$$Base                      0x080155cc   Number         0  anon$$obj.o(Region$$Table)
    Region$$Table$$Limit                     0x080155ec   Number         0  anon$$obj.o(Region$$Table)
    point_read                               0x24000000   Data           4  main.o(.data)
    color                                    0x24000004   Data           2  main.o(.data)
    ChineseStr                               0x24000006   Data           6  main.o(.data)
    altScheme                                0x2400000c   Data           4  main.o(.data)
    pScheme                                  0x24000010   Data           4  main.o(.data)
    state                                    0x24000014   Data           2  main.o(.data)
    msg                                      0x24000016   Data           6  main.o(.data)
    pSld                                     0x2400001c   Data           4  main.o(.data)
    update                                   0x24000020   Data           2  main.o(.data)
    ID_BTN_1                                 0x24000024   Data           4  main.o(.data)
    ID_BTN_2                                 0x24000028   Data           4  main.o(.data)
    pBitmap_1                                0x2400002c   Data           4  main.o(.data)
    pBitmap_2                                0x24000030   Data           4  main.o(.data)
    SystemCoreClock                          0x24000034   Data           4  system_stm32h7xx.o(.data)
    SystemD2Clock                            0x24000038   Data           4  system_stm32h7xx.o(.data)
    __stdout                                 0x24000040   Data           4  usart.o(.data)
    USART_RX_STA                             0x24000044   Data           2  usart.o(.data)
    aRxBuffer                                0x24000046   Data           1  usart.o(.data)
    POINT_COLOR                              0x24000054   Data           4  lcd.o(.data)
    BACK_COLOR                               0x24000058   Data           4  lcd.o(.data)
    Touch_callback_cnt                       0x2400005c   Data           2  lcd.o(.data)
    objMsg_1                                 0x2400005e   Data           1  lcd.o(.data)
    ltdc_framebuf                            0x24000064   Data           8  ltdc.o(.data)
    redRightArrow                            0x2400006c   Data           8  image.o(.data)
    redLeftArrow                             0x24000074   Data           8  image.o(.data)
    _color                                   0x2400007c   Data           2  drvtft001.o(.data)
    _clipRgn                                 0x2400007e   Data           2  drvtft001.o(.data)
    _clipLeft                                0x24000080   Data           2  drvtft001.o(.data)
    _clipTop                                 0x24000082   Data           2  drvtft001.o(.data)
    _clipRight                               0x24000084   Data           2  drvtft001.o(.data)
    _clipBottom                              0x24000086   Data           2  drvtft001.o(.data)
    _pGolObjects                             0x24000098   Data           4  gol.o(.data)
    _pDefaultGolScheme                       0x2400009c   Data           4  gol.o(.data)
    _pObjectFocused                          0x240000a0   Data           4  gol.o(.data)
    _rpnlX1                                  0x240000a4   Data           2  gol.o(.data)
    _rpnlY1                                  0x240000a6   Data           2  gol.o(.data)
    _rpnlX2                                  0x240000a8   Data           2  gol.o(.data)
    _rpnlY2                                  0x240000aa   Data           2  gol.o(.data)
    _rpnlR                                   0x240000ac   Data           2  gol.o(.data)
    _rpnlFaceColor                           0x240000ae   Data           2  gol.o(.data)
    _rpnlEmbossLtColor                       0x240000b0   Data           2  gol.o(.data)
    _rpnlEmbossDkColor                       0x240000b2   Data           2  gol.o(.data)
    _rpnlEmbossSize                          0x240000b4   Data           2  gol.o(.data)
    _pRpnlBitmap                             0x240000b8   Data           4  gol.o(.data)
    _lineType                                0x24000108   Data           2  primitive.o(.data)
    _lineThickness                           0x2400010a   Data           1  primitive.o(.data)
    _fontOrientation                         0x2400010b   Data           1  primitive.o(.data)
    _cursorX                                 0x2400010c   Data           2  primitive.o(.data)
    _cursorY                                 0x2400010e   Data           2  primitive.o(.data)
    _font                                    0x24000110   Data           4  primitive.o(.data)
    _fontFirstChar                           0x24000114   Data           2  primitive.o(.data)
    _fontLastChar                            0x24000116   Data           2  primitive.o(.data)
    _fontHeight                              0x24000118   Data           2  primitive.o(.data)
    _pListButtons                            0x24000160   Data           4  radiobutton.o(.data)
    tp_dev                                   0x240001a0   Data          72  touch.o(.data)
    CMD_RDX                                  0x240001e8   Data           1  touch.o(.data)
    CMD_RDY                                  0x240001e9   Data           1  touch.o(.data)
    USART_RX_BUF                             0x240001ec   Data         200  usart.o(.bss)
    UART1_Handler                            0x240002b4   Data         128  usart.o(.bss)
    SDRAM_Handler                            0x24000334   Data          52  sdram.o(.bss)
    lcddev                                   0x24000368   Data          14  lcd.o(.bss)
    LTDC_Handler                             0x24000378   Data         168  ltdc.o(.bss)
    DMA2D_Handler                            0x24000420   Data          96  ltdc.o(.bss)
    lcdltdc                                  0x24000480   Data          32  ltdc.o(.bss)
    __libspace_start                         0x240004a0   Data          96  libspace.o(.bss)
    __temporary_stack_top$libspace           0x24000500   Data           0  libspace.o(.bss)
    ltdc_lcd_framebuf                        0xc0000000   Data       2048000  ltdc.o(.ARM.__AT_0xC0000000)



==============================================================================

Memory Map of the image

  Image Entry point : 0x08000299

  Load Region LR_IROM1 (Base: 0x08000000, Size: 0x000157d8, Max: 0x00200000, ABSOLUTE, COMPRESSED[0x00015638])

    Execution Region ER_IROM1 (Base: 0x08000000, Size: 0x000155ec, Max: 0x00200000, ABSOLUTE)

    Base Addr    Size         Type   Attr      Idx    E Section Name        Object

    0x08000000   0x00000298   Data   RO          595    RESET               startup_stm32h743xx.o
    0x08000298   0x00000008   Code   RO         6905  * !!!main             c_w.l(__main.o)
    0x080002a0   0x00000034   Code   RO         7215    !!!scatter          c_w.l(__scatter.o)
    0x080002d4   0x0000005a   Code   RO         7213    !!dczerorl2         c_w.l(__dczerorl2.o)
    0x0800032e   0x00000002   PAD
    0x08000330   0x0000001c   Code   RO         7217    !!handler_zi        c_w.l(__scatter_zi.o)
    0x0800034c   0x00000000   Code   RO         6898    .ARM.Collect$$_printf_percent$$00000000  c_w.l(_printf_percent.o)
    0x0800034c   0x00000006   Code   RO         6897    .ARM.Collect$$_printf_percent$$00000009  c_w.l(_printf_d.o)
    0x08000352   0x00000006   Code   RO         6896    .ARM.Collect$$_printf_percent$$0000000C  c_w.l(_printf_x.o)
    0x08000358   0x00000006   Code   RO         6895    .ARM.Collect$$_printf_percent$$00000014  c_w.l(_printf_s.o)
    0x0800035e   0x00000004   Code   RO         6987    .ARM.Collect$$_printf_percent$$00000017  c_w.l(_printf_percent_end.o)
    0x08000362   0x00000002   Code   RO         7154    .ARM.Collect$$libinit$$00000000  c_w.l(libinit.o)
    0x08000364   0x00000004   Code   RO         6990    .ARM.Collect$$libinit$$00000001  c_w.l(libinit2.o)
    0x08000368   0x00000000   Code   RO         6993    .ARM.Collect$$libinit$$00000004  c_w.l(libinit2.o)
    0x08000368   0x00000008   Code   RO         6994    .ARM.Collect$$libinit$$00000005  c_w.l(libinit2.o)
    0x08000370   0x00000000   Code   RO         6996    .ARM.Collect$$libinit$$0000000A  c_w.l(libinit2.o)
    0x08000370   0x00000000   Code   RO         6998    .ARM.Collect$$libinit$$0000000C  c_w.l(libinit2.o)
    0x08000370   0x00000000   Code   RO         7000    .ARM.Collect$$libinit$$0000000E  c_w.l(libinit2.o)
    0x08000370   0x00000000   Code   RO         7003    .ARM.Collect$$libinit$$00000011  c_w.l(libinit2.o)
    0x08000370   0x00000000   Code   RO         7005    .ARM.Collect$$libinit$$00000013  c_w.l(libinit2.o)
    0x08000370   0x00000000   Code   RO         7007    .ARM.Collect$$libinit$$00000015  c_w.l(libinit2.o)
    0x08000370   0x00000000   Code   RO         7009    .ARM.Collect$$libinit$$00000017  c_w.l(libinit2.o)
    0x08000370   0x00000000   Code   RO         7011    .ARM.Collect$$libinit$$00000019  c_w.l(libinit2.o)
    0x08000370   0x00000000   Code   RO         7013    .ARM.Collect$$libinit$$0000001B  c_w.l(libinit2.o)
    0x08000370   0x00000000   Code   RO         7015    .ARM.Collect$$libinit$$0000001D  c_w.l(libinit2.o)
    0x08000370   0x00000000   Code   RO         7017    .ARM.Collect$$libinit$$0000001F  c_w.l(libinit2.o)
    0x08000370   0x00000000   Code   RO         7019    .ARM.Collect$$libinit$$00000021  c_w.l(libinit2.o)
    0x08000370   0x00000000   Code   RO         7021    .ARM.Collect$$libinit$$00000023  c_w.l(libinit2.o)
    0x08000370   0x00000000   Code   RO         7023    .ARM.Collect$$libinit$$00000025  c_w.l(libinit2.o)
    0x08000370   0x00000000   Code   RO         7027    .ARM.Collect$$libinit$$0000002C  c_w.l(libinit2.o)
    0x08000370   0x00000000   Code   RO         7029    .ARM.Collect$$libinit$$0000002E  c_w.l(libinit2.o)
    0x08000370   0x00000000   Code   RO         7031    .ARM.Collect$$libinit$$00000030  c_w.l(libinit2.o)
    0x08000370   0x00000000   Code   RO         7033    .ARM.Collect$$libinit$$00000032  c_w.l(libinit2.o)
    0x08000370   0x00000002   Code   RO         7034    .ARM.Collect$$libinit$$00000033  c_w.l(libinit2.o)
    0x08000372   0x00000002   Code   RO         7210    .ARM.Collect$$libshutdown$$00000000  c_w.l(libshutdown.o)
    0x08000374   0x00000000   Code   RO         7168    .ARM.Collect$$libshutdown$$00000002  c_w.l(libshutdown2.o)
    0x08000374   0x00000000   Code   RO         7170    .ARM.Collect$$libshutdown$$00000004  c_w.l(libshutdown2.o)
    0x08000374   0x00000000   Code   RO         7173    .ARM.Collect$$libshutdown$$00000007  c_w.l(libshutdown2.o)
    0x08000374   0x00000000   Code   RO         7176    .ARM.Collect$$libshutdown$$0000000A  c_w.l(libshutdown2.o)
    0x08000374   0x00000000   Code   RO         7178    .ARM.Collect$$libshutdown$$0000000C  c_w.l(libshutdown2.o)
    0x08000374   0x00000000   Code   RO         7181    .ARM.Collect$$libshutdown$$0000000F  c_w.l(libshutdown2.o)
    0x08000374   0x00000002   Code   RO         7182    .ARM.Collect$$libshutdown$$00000010  c_w.l(libshutdown2.o)
    0x08000376   0x00000000   Code   RO         6945    .ARM.Collect$$rtentry$$00000000  c_w.l(__rtentry.o)
    0x08000376   0x00000000   Code   RO         7070    .ARM.Collect$$rtentry$$00000002  c_w.l(__rtentry2.o)
    0x08000376   0x00000006   Code   RO         7082    .ARM.Collect$$rtentry$$00000004  c_w.l(__rtentry4.o)
    0x0800037c   0x00000000   Code   RO         7072    .ARM.Collect$$rtentry$$00000009  c_w.l(__rtentry2.o)
    0x0800037c   0x00000004   Code   RO         7073    .ARM.Collect$$rtentry$$0000000A  c_w.l(__rtentry2.o)
    0x08000380   0x00000000   Code   RO         7075    .ARM.Collect$$rtentry$$0000000C  c_w.l(__rtentry2.o)
    0x08000380   0x00000008   Code   RO         7076    .ARM.Collect$$rtentry$$0000000D  c_w.l(__rtentry2.o)
    0x08000388   0x00000002   Code   RO         7155    .ARM.Collect$$rtexit$$00000000  c_w.l(rtexit.o)
    0x0800038a   0x00000000   Code   RO         7186    .ARM.Collect$$rtexit$$00000002  c_w.l(rtexit2.o)
    0x0800038a   0x00000004   Code   RO         7187    .ARM.Collect$$rtexit$$00000003  c_w.l(rtexit2.o)
    0x0800038e   0x00000006   Code   RO         7188    .ARM.Collect$$rtexit$$00000004  c_w.l(rtexit2.o)
    0x08000394   0x00000000   Code   RO         7093    .emb_text           c_w.l(maybetermalloc1.o)
    0x08000394   0x00000040   Code   RO          596    .text               startup_stm32h743xx.o
    0x080003d4   0x0000005e   Code   RO         6778    .text               c_w.l(h1_alloc.o)
    0x08000432   0x0000004e   Code   RO         6780    .text               c_w.l(h1_free.o)
    0x08000480   0x000000ee   Code   RO         6836    .text               c_w.l(lludivv7m.o)
    0x0800056e   0x00000002   PAD
    0x08000570   0x00000018   Code   RO         6842    .text               c_w.l(noretval__2printf.o)
    0x08000588   0x00000028   Code   RO         6844    .text               c_w.l(noretval__2sprintf.o)
    0x080005b0   0x0000004e   Code   RO         6848    .text               c_w.l(_printf_pad.o)
    0x080005fe   0x00000052   Code   RO         6850    .text               c_w.l(_printf_str.o)
    0x08000650   0x00000078   Code   RO         6852    .text               c_w.l(_printf_dec.o)
    0x080006c8   0x00000058   Code   RO         6857    .text               c_w.l(_printf_hex_int.o)
    0x08000720   0x00000138   Code   RO         6887    .text               c_w.l(__printf_flags_wp.o)
    0x08000858   0x00000064   Code   RO         6899    .text               c_w.l(rt_memcpy_w.o)
    0x080008bc   0x00000068   Code   RO         6901    .text               c_w.l(strcmpv7m_pel.o)
    0x08000924   0x00000006   Code   RO         6903    .text               c_w.l(heapauxi.o)
    0x0800092a   0x00000002   PAD
    0x0800092c   0x00000008   Code   RO         6953    .text               c_w.l(rt_heap_descriptor_intlibspace.o)
    0x08000934   0x00000004   Code   RO         6955    .text               c_w.l(hguard.o)
    0x08000938   0x0000008a   Code   RO         6957    .text               c_w.l(init_alloc.o)
    0x080009c2   0x0000000e   Code   RO         6961    .text               c_w.l(h1_init.o)
    0x080009d0   0x00000016   Code   RO         6975    .text               c_w.l(_rserrno.o)
    0x080009e6   0x000000b2   Code   RO         6977    .text               c_w.l(_printf_intcommon.o)
    0x08000a98   0x00000030   Code   RO         6979    .text               c_w.l(_printf_char_common.o)
    0x08000ac8   0x0000000a   Code   RO         6981    .text               c_w.l(_sputc.o)
    0x08000ad2   0x0000002c   Code   RO         6983    .text               c_w.l(_printf_char.o)
    0x08000afe   0x00000002   PAD
    0x08000b00   0x00000024   Code   RO         6985    .text               c_w.l(_printf_char_file.o)
    0x08000b24   0x00000008   Code   RO         7066    .text               c_w.l(libspace.o)
    0x08000b2c   0x00000008   Code   RO         7089    .text               c_w.l(rt_errno_addr_intlibspace.o)
    0x08000b34   0x00000034   Code   RO         7095    .text               c_w.l(h1_extend.o)
    0x08000b68   0x00000008   Code   RO         7101    .text               c_w.l(ferror.o)
    0x08000b70   0x0000000e   Code   RO         7105    .text               c_w.l(defsig_rtmem_outer.o)
    0x08000b7e   0x00000002   Code   RO         7126    .text               c_w.l(use_no_semi.o)
    0x08000b80   0x00000000   Code   RO         7128    .text               c_w.l(indicate_semi.o)
    0x08000b80   0x0000004a   Code   RO         7129    .text               c_w.l(sys_stackheap_outer.o)
    0x08000bca   0x00000012   Code   RO         7135    .text               c_w.l(exit.o)
    0x08000bdc   0x0000000a   Code   RO         7137    .text               c_w.l(defsig_exit.o)
    0x08000be6   0x00000002   PAD
    0x08000be8   0x00000050   Code   RO         7143    .text               c_w.l(defsig_rtmem_inner.o)
    0x08000c38   0x00000032   Code   RO         7163    .text               c_w.l(defsig_general.o)
    0x08000c6a   0x0000000e   Code   RO         7183    .text               c_w.l(sys_wrch.o)
    0x08000c78   0x0000002c   Code   RO         4991    i.AT24CXX_ReadLenByte  24cxx.o
    0x08000ca4   0x00000058   Code   RO         4992    i.AT24CXX_ReadOneByte  24cxx.o
    0x08000cfc   0x0000002a   Code   RO         4994    i.AT24CXX_WriteLenByte  24cxx.o
    0x08000d26   0x00000050   Code   RO         4995    i.AT24CXX_WriteOneByte  24cxx.o
    0x08000d76   0x00000002   PAD
    0x08000d78   0x00000720   Code   RO         5933    i.Arc               primitive.o
    0x08001498   0x00000098   Code   RO         5152    i.Bar               drvtft001.o
    0x08001530   0x000002b0   Code   RO         5934    i.Bevel             primitive.o
    0x080017e0   0x00000098   Code   RO         5252    i.BtnCreate         button.o
    0x08001878   0x00000354   Code   RO         5253    i.BtnDraw           button.o
    0x08001bcc   0x00000050   Code   RO         5254    i.BtnMsgDefault     button.o
    0x08001c1c   0x000000ac   Code   RO         5256    i.BtnTranslateMsg   button.o
    0x08001cc8   0x00000004   Code   RO          453    i.BusFault_Handler  stm32h7xx_it.o
    0x08001ccc   0x0000000a   Code   RO         6481    i.CT_Delay          ctiic.o
    0x08001cd6   0x00000002   PAD
    0x08001cd8   0x00000058   Code   RO         6482    i.CT_IIC_Ack        ctiic.o
    0x08001d30   0x0000006c   Code   RO         6483    i.CT_IIC_Init       ctiic.o
    0x08001d9c   0x00000058   Code   RO         6484    i.CT_IIC_NAck       ctiic.o
    0x08001df4   0x0000006c   Code   RO         6485    i.CT_IIC_Read_Byte  ctiic.o
    0x08001e60   0x00000078   Code   RO         6486    i.CT_IIC_Send_Byte  ctiic.o
    0x08001ed8   0x00000054   Code   RO         6487    i.CT_IIC_Start      ctiic.o
    0x08001f2c   0x0000004c   Code   RO         6488    i.CT_IIC_Stop       ctiic.o
    0x08001f78   0x00000068   Code   RO         6489    i.CT_IIC_Wait_Ack   ctiic.o
    0x08001fe0   0x0000001c   Code   RO          643    i.Cache_Enable      sys.o
    0x08001ffc   0x000002d0   Code   RO         5328    i.CbDraw            checkbox.o
    0x080022cc   0x00000048   Code   RO         5329    i.CbMsgDefault      checkbox.o
    0x08002314   0x00000062   Code   RO         5331    i.CbTranslateMsg    checkbox.o
    0x08002376   0x00000002   PAD
    0x08002378   0x00000010   Code   RO         5153    i.ClearDevice       drvtft001.o
    0x08002388   0x00000002   Code   RO          454    i.DebugMon_Handler  stm32h7xx_it.o
    0x0800238a   0x00000024   Code   RO         5398    i.EbAddChar         editbox.o
    0x080023ae   0x00000018   Code   RO         5400    i.EbDeleteChar      editbox.o
    0x080023c6   0x00000002   PAD
    0x080023c8   0x000002a4   Code   RO         5401    i.EbDraw            editbox.o
    0x0800266c   0x0000004c   Code   RO         5402    i.EbMsgDefault      editbox.o
    0x080026b8   0x00000050   Code   RO         5404    i.EbTranslateMsg    editbox.o
    0x08002708   0x00000074   Code   RO         3890    i.FMC_SDRAM_Init    stm32h7xx_ll_fmc.o
    0x0800277c   0x0000000e   Code   RO         3891    i.FMC_SDRAM_ProgramRefreshRate  stm32h7xx_ll_fmc.o
    0x0800278a   0x00000026   Code   RO         3892    i.FMC_SDRAM_SendCommand  stm32h7xx_ll_fmc.o
    0x080027b0   0x0000009c   Code   RO         3894    i.FMC_SDRAM_Timing_Init  stm32h7xx_ll_fmc.o
    0x0800284c   0x000002e0   Code   RO         5936    i.FillBevel         primitive.o
    0x08002b2c   0x00000028   Code   RO         5461    i.GOLAddObject      gol.o
    0x08002b54   0x0000002e   Code   RO         5462    i.GOLCanBeFocused   gol.o
    0x08002b82   0x00000002   PAD
    0x08002b84   0x0000004c   Code   RO         5463    i.GOLCreateScheme   gol.o
    0x08002bd0   0x00000120   Code   RO         5466    i.GOLDraw           gol.o
    0x08002cf0   0x0000011c   Code   RO         4721    i.GOLDrawCallback   lcd.o
    0x08002e0c   0x00000020   Code   RO         5467    i.GOLFindObject     gol.o
    0x08002e2c   0x00000038   Code   RO         5468    i.GOLFree           gol.o
    0x08002e64   0x00000014   Code   RO         5471    i.GOLInit           gol.o
    0x08002e78   0x000001d8   Code   RO         5472    i.GOLMsg            gol.o
    0x08003050   0x000000d4   Code   RO         4722    i.GOLMsgCallback    lcd.o
    0x08003124   0x000003fc   Code   RO         5473    i.GOLPanelDrawTsk   gol.o
    0x08003520   0x0000004c   Code   RO         5475    i.GOLSetFocus       gol.o
    0x0800356c   0x00000062   Code   RO         6724    i.GT9147_RD_Reg     gt9147.o
    0x080035ce   0x0000005c   Code   RO         6727    i.GT9147_WR_Reg     gt9147.o
    0x0800362a   0x00000002   PAD
    0x0800362c   0x0000015c   Code   RO         6558    i.GT9271_Init       gt9271.o
    0x08003788   0x00000062   Code   RO         6559    i.GT9271_RD_Reg     gt9271.o
    0x080037ea   0x00000002   PAD
    0x080037ec   0x00000244   Code   RO         6560    i.GT9271_Scan       gt9271.o
    0x08003a30   0x0000005c   Code   RO         6562    i.GT9271_Send_Cfg   gt9271.o
    0x08003a8c   0x0000005c   Code   RO         6563    i.GT9271_WR_Reg     gt9271.o
    0x08003ae8   0x00000300   Code   RO         5711    i.GbDraw            groupbox.o
    0x08003de8   0x00000054   Code   RO         5712    i.GbTranslateMsg    groupbox.o
    0x08003e3c   0x00000012   Code   RO         5937    i.GetImageHeight    primitive.o
    0x08003e4e   0x00000012   Code   RO         5938    i.GetImageWidth     primitive.o
    0x08003e60   0x00000010   Code   RO         5939    i.GetTextHeight     primitive.o
    0x08003e70   0x00000044   Code   RO         5940    i.GetTextWidth      primitive.o
    0x08003eb4   0x000000f8   Code   RO         1239    i.HAL_DMA_Abort_IT  stm32h7xx_hal_dma.o
    0x08003fac   0x00000014   Code   RO          786    i.HAL_EnableCompensationCell  stm32h7xx_hal.o
    0x08003fc0   0x0000024c   Code   RO         1426    i.HAL_GPIO_Init     stm32h7xx_hal_gpio.o
    0x0800420c   0x00000010   Code   RO         1428    i.HAL_GPIO_ReadPin  stm32h7xx_hal_gpio.o
    0x0800421c   0x0000000a   Code   RO         1430    i.HAL_GPIO_WritePin  stm32h7xx_hal_gpio.o
    0x08004226   0x00000002   PAD
    0x08004228   0x0000000c   Code   RO          793    i.HAL_GetTick       stm32h7xx_hal.o
    0x08004234   0x00000018   Code   RO          796    i.HAL_IncTick       stm32h7xx_hal.o
    0x0800424c   0x0000001c   Code   RO          797    i.HAL_Init          stm32h7xx_hal.o
    0x08004268   0x0000004c   Code   RO          798    i.HAL_InitTick      stm32h7xx_hal.o
    0x080042b4   0x0000005e   Code   RO         4310    i.HAL_LTDC_ConfigLayer  stm32h7xx_hal_ltdc.o
    0x08004312   0x00000002   PAD
    0x08004314   0x0000011c   Code   RO         4327    i.HAL_LTDC_Init     stm32h7xx_hal_ltdc.o
    0x08004430   0x00000144   Code   RO         4871    i.HAL_LTDC_MspInit  ltdc.o
    0x08004574   0x0000006c   Code   RO         4342    i.HAL_LTDC_SetWindowPosition  stm32h7xx_hal_ltdc.o
    0x080045e0   0x0000006c   Code   RO         4344    i.HAL_LTDC_SetWindowSize  stm32h7xx_hal_ltdc.o
    0x0800464c   0x00000002   Code   RO          565    i.HAL_MspInit       stm32h7xx_hal_msp.o
    0x0800464e   0x00000020   Code   RO         1091    i.HAL_NVIC_EnableIRQ  stm32h7xx_hal_cortex.o
    0x0800466e   0x0000007a   Code   RO         1097    i.HAL_NVIC_SetPriority  stm32h7xx_hal_cortex.o
    0x080046e8   0x00000028   Code   RO         1098    i.HAL_NVIC_SetPriorityGrouping  stm32h7xx_hal_cortex.o
    0x08004710   0x00000038   Code   RO         2121    i.HAL_RCCEx_GetD1SysClockFreq  stm32h7xx_hal_rcc_ex.o
    0x08004748   0x0000002c   Code   RO         2122    i.HAL_RCCEx_GetD3PCLK1Freq  stm32h7xx_hal_rcc_ex.o
    0x08004774   0x0000022c   Code   RO         2124    i.HAL_RCCEx_GetPLL2ClockFreq  stm32h7xx_hal_rcc_ex.o
    0x080049a0   0x0000022c   Code   RO         2125    i.HAL_RCCEx_GetPLL3ClockFreq  stm32h7xx_hal_rcc_ex.o
    0x08004bcc   0x00000b38   Code   RO         2129    i.HAL_RCCEx_PeriphCLKConfig  stm32h7xx_hal_rcc_ex.o
    0x08005704   0x00000250   Code   RO         2012    i.HAL_RCC_ClockConfig  stm32h7xx_hal_rcc.o
    0x08005954   0x00000038   Code   RO         2016    i.HAL_RCC_GetHCLKFreq  stm32h7xx_hal_rcc.o
    0x0800598c   0x0000002c   Code   RO         2018    i.HAL_RCC_GetPCLK1Freq  stm32h7xx_hal_rcc.o
    0x080059b8   0x0000002c   Code   RO         2019    i.HAL_RCC_GetPCLK2Freq  stm32h7xx_hal_rcc.o
    0x080059e4   0x00000244   Code   RO         2020    i.HAL_RCC_GetSysClockFreq  stm32h7xx_hal_rcc.o
    0x08005c28   0x000006c4   Code   RO         2023    i.HAL_RCC_OscConfig  stm32h7xx_hal_rcc.o
    0x080062ec   0x00000050   Code   RO         4155    i.HAL_SDRAM_Init    stm32h7xx_hal_sdram.o
    0x0800633c   0x0000013c   Code   RO         4662    i.HAL_SDRAM_MspInit  sdram.o
    0x08006478   0x00000028   Code   RO         4158    i.HAL_SDRAM_ProgramRefreshRate  stm32h7xx_hal_sdram.o
    0x080064a0   0x0000003a   Code   RO         4164    i.HAL_SDRAM_SendCommand  stm32h7xx_hal_sdram.o
    0x080064da   0x00000028   Code   RO         1100    i.HAL_SYSTICK_CLKSourceConfig  stm32h7xx_hal_cortex.o
    0x08006502   0x00000034   Code   RO         1102    i.HAL_SYSTICK_Config  stm32h7xx_hal_cortex.o
    0x08006536   0x00000002   Code   RO         2635    i.HAL_UARTEx_WakeupCallback  stm32h7xx_hal_uart_ex.o
    0x08006538   0x00000002   Code   RO         2299    i.HAL_UART_ErrorCallback  stm32h7xx_hal_uart.o
    0x0800653a   0x00000014   Code   RO         2301    i.HAL_UART_GetState  stm32h7xx_hal_uart.o
    0x0800654e   0x00000002   PAD
    0x08006550   0x000001bc   Code   RO         2302    i.HAL_UART_IRQHandler  stm32h7xx_hal_uart.o
    0x0800670c   0x00000078   Code   RO         2303    i.HAL_UART_Init     stm32h7xx_hal_uart.o
    0x08006784   0x00000098   Code   RO          704    i.HAL_UART_MspInit  usart.o
    0x0800681c   0x000000e0   Code   RO         2308    i.HAL_UART_Receive_IT  stm32h7xx_hal_uart.o
    0x080068fc   0x00000088   Code   RO          705    i.HAL_UART_RxCpltCallback  usart.o
    0x08006984   0x00000002   Code   RO         2314    i.HAL_UART_TxCpltCallback  stm32h7xx_hal_uart.o
    0x08006986   0x00000004   Code   RO          455    i.HardFault_Handler  stm32h7xx_it.o
    0x0800698a   0x00000002   PAD
    0x0800698c   0x00000054   Code   RO         5062    i.IIC_Ack           myiic.o
    0x080069e0   0x00000054   Code   RO         5064    i.IIC_NAck          myiic.o
    0x08006a34   0x0000006c   Code   RO         5065    i.IIC_Read_Byte     myiic.o
    0x08006aa0   0x0000007c   Code   RO         5066    i.IIC_Send_Byte     myiic.o
    0x08006b1c   0x00000054   Code   RO         5067    i.IIC_Start         myiic.o
    0x08006b70   0x00000054   Code   RO         5068    i.IIC_Stop          myiic.o
    0x08006bc4   0x00000068   Code   RO         5069    i.IIC_Wait_Ack      myiic.o
    0x08006c2c   0x00000054   Code   RO         5941    i.InitGraph         primitive.o
    0x08006c80   0x000000a8   Code   RO         4592    i.KEY_Init          key.o
    0x08006d28   0x0000000c   Code   RO         4723    i.LCD_Clear         lcd.o
    0x08006d34   0x00000028   Code   RO         4727    i.LCD_Display_Dir   lcd.o
    0x08006d5c   0x000000b0   Code   RO         4728    i.LCD_DrawLine      lcd.o
    0x08006e0c   0x00000018   Code   RO         4729    i.LCD_DrawPoint     lcd.o
    0x08006e24   0x00000098   Code   RO         4731    i.LCD_Draw_Circle   lcd.o
    0x08006ebc   0x00000014   Code   RO         4732    i.LCD_Fast_DrawPoint  lcd.o
    0x08006ed0   0x00000038   Code   RO         4734    i.LCD_Init          lcd.o
    0x08006f08   0x00000016   Code   RO         4735    i.LCD_Pow           lcd.o
    0x08006f1e   0x00000002   PAD
    0x08006f20   0x0000013c   Code   RO         4737    i.LCD_ShowChar      lcd.o
    0x0800705c   0x00000094   Code   RO         4738    i.LCD_ShowNum       lcd.o
    0x080070f0   0x00000066   Code   RO         4739    i.LCD_ShowString    lcd.o
    0x08007156   0x00000002   PAD
    0x08007158   0x00000058   Code   RO         4566    i.LED_Init          led.o
    0x080071b0   0x00000024   Code   RO         4872    i.LTDC_Clear        ltdc.o
    0x080071d4   0x0000002e   Code   RO         4873    i.LTDC_Clk_Set      ltdc.o
    0x08007202   0x00000002   PAD
    0x08007204   0x0000002c   Code   RO         4875    i.LTDC_Display_Dir  ltdc.o
    0x08007230   0x00000050   Code   RO         4876    i.LTDC_Draw_Point   ltdc.o
    0x08007280   0x00000148   Code   RO         4877    i.LTDC_Fill         ltdc.o
    0x080073c8   0x00000184   Code   RO         4878    i.LTDC_Init         ltdc.o
    0x0800754c   0x0000007c   Code   RO         4879    i.LTDC_Layer_Parameter_Config  ltdc.o
    0x080075c8   0x00000030   Code   RO         4881    i.LTDC_Layer_Window_Config  ltdc.o
    0x080075f8   0x000000d4   Code   RO         4882    i.LTDC_PanelID_Read  ltdc.o
    0x080076cc   0x0000000c   Code   RO         4884    i.LTDC_Select_Layer  ltdc.o
    0x080076d8   0x00000212   Code   RO         4346    i.LTDC_SetConfig    stm32h7xx_hal_ltdc.o
    0x080078ea   0x0000003e   Code   RO         5750    i.LbChangeSel       listbox.o
    0x08007928   0x0000001c   Code   RO         5753    i.LbDelItemsList    listbox.o
    0x08007944   0x000004bc   Code   RO         5754    i.LbDraw            listbox.o
    0x08007e00   0x00000098   Code   RO         5757    i.LbMsgDefault      listbox.o
    0x08007e98   0x00000050   Code   RO         5759    i.LbTranslateMsg    listbox.o
    0x08007ee8   0x00000248   Code   RO         5942    i.Line              primitive.o
    0x08008130   0x00000ca4   Code   RO         5838    i.MtrDraw           meter.o
    0x08008dd4   0x00000020   Code   RO         5839    i.MtrMsgDefault     meter.o
    0x08008df4   0x00000026   Code   RO         5840    i.MtrSetVal         meter.o
    0x08008e1a   0x0000002c   Code   RO         5841    i.MtrTranslateMsg   meter.o
    0x08008e46   0x00000002   Code   RO          456    i.NMI_Handler       stm32h7xx_it.o
    0x08008e48   0x00000130   Code   RO         5943    i.OutChar           primitive.o
    0x08008f78   0x00000034   Code   RO         5944    i.OutText           primitive.o
    0x08008fac   0x000002b8   Code   RO         6116    i.PbDraw            progressbar.o
    0x08009264   0x00000064   Code   RO         6120    i.PbWordToString    progressbar.o
    0x080092c8   0x00000002   Code   RO          457    i.PendSV_Handler    stm32h7xx_it.o
    0x080092ca   0x00000002   PAD
    0x080092cc   0x00000204   Code   RO         5895    i.PictDraw          picture.o
    0x080094d0   0x0000004c   Code   RO         5896    i.PictTranslateMsg  picture.o
    0x0800951c   0x00000080   Code   RO         5946    i.PutImage          primitive.o
    0x0800959c   0x000000ac   Code   RO         5947    i.PutImage16BPP     primitive.o
    0x08009648   0x000000d4   Code   RO         5948    i.PutImage1BPP      primitive.o
    0x0800971c   0x000000d0   Code   RO         5949    i.PutImage4BPP      primitive.o
    0x080097ec   0x000000c4   Code   RO         5950    i.PutImage8BPP      primitive.o
    0x080098b0   0x00000018   Code   RO         5156    i.PutPixel          drvtft001.o
    0x080098c8   0x00000130   Code   RO         2132    i.RCCEx_PLL2_Config  stm32h7xx_hal_rcc_ex.o
    0x080099f8   0x00000130   Code   RO         2133    i.RCCEx_PLL3_Config  stm32h7xx_hal_rcc_ex.o
    0x08009b28   0x000002d0   Code   RO         6173    i.RbDraw            radiobutton.o
    0x08009df8   0x00000052   Code   RO         6175    i.RbMsgDefault      radiobutton.o
    0x08009e4a   0x0000005e   Code   RO         6178    i.RbTranslateMsg    radiobutton.o
    0x08009ea8   0x00000234   Code   RO         6237    i.RdiaDraw          rounddial.o
    0x0800a0dc   0x00000028   Code   RO         6238    i.RdiaMsgDefault    rounddial.o
    0x0800a104   0x000002f0   Code   RO         6239    i.RdiaTranslateMsg  rounddial.o
    0x0800a3f4   0x00000008   Code   RO         5157    i.ResetDevice       drvtft001.o
    0x0800a3fc   0x0000009c   Code   RO          646    i.SCB_EnableDCache  sys.o
    0x0800a498   0x0000007c   Code   RO          647    i.SCB_EnableICache  sys.o
    0x0800a514   0x00000068   Code   RO         4663    i.SDRAM_Init        sdram.o
    0x0800a57c   0x00000054   Code   RO         4664    i.SDRAM_Initialization_Sequence  sdram.o
    0x0800a5d0   0x00000048   Code   RO         4665    i.SDRAM_Send_Cmd    sdram.o
    0x0800a618   0x00000002   Code   RO          458    i.SVC_Handler       stm32h7xx_it.o
    0x0800a61a   0x00000002   PAD
    0x0800a61c   0x00000038   Code   RO         5951    i.SetFont           primitive.o
    0x0800a654   0x0000007c   Code   RO         6281    i.SldCreate         slider.o
    0x0800a6d0   0x00000654   Code   RO         6282    i.SldDraw           slider.o
    0x0800ad24   0x0000005c   Code   RO         6283    i.SldGetHeight      slider.o
    0x0800ad80   0x00000048   Code   RO         6284    i.SldGetMinMaxPos   slider.o
    0x0800adc8   0x0000005c   Code   RO         6285    i.SldGetWidth       slider.o
    0x0800ae24   0x000000de   Code   RO         6286    i.SldMsgDefault     slider.o
    0x0800af02   0x0000009e   Code   RO         6288    i.SldSetPos         slider.o
    0x0800afa0   0x00000022   Code   RO         6290    i.SldSetThumbSize   slider.o
    0x0800afc2   0x00000084   Code   RO         6291    i.SldTranslateMsg   slider.o
    0x0800b046   0x00000002   PAD
    0x0800b048   0x000002a0   Code   RO         6369    i.StDraw            statictext.o
    0x0800b2e8   0x0000004c   Code   RO         6371    i.StTranslateMsg    statictext.o
    0x0800b334   0x000000f8   Code   RO          648    i.Stm32_Clock_Init  sys.o
    0x0800b42c   0x00000008   Code   RO          459    i.SysTick_Handler   stm32h7xx_it.o
    0x0800b434   0x00000094   Code   RO          528    i.SystemInit        system_stm32h7xx.o
    0x0800b4c8   0x000001a8   Code   RO         6619    i.TP_Adj_Info_Show  touch.o
    0x0800b670   0x00000750   Code   RO         6620    i.TP_Adjust         touch.o
    0x0800bdc0   0x00000070   Code   RO         6622    i.TP_Drow_Touch_Point  touch.o
    0x0800be30   0x000000b4   Code   RO         6623    i.TP_Get_Adjdata    touch.o
    0x0800bee4   0x00000050   Code   RO         6624    i.TP_Init           touch.o
    0x0800bf34   0x000000b8   Code   RO         6625    i.TP_Read_AD        touch.o
    0x0800bfec   0x00000078   Code   RO         6626    i.TP_Read_XOY       touch.o
    0x0800c064   0x00000030   Code   RO         6627    i.TP_Read_XY        touch.o
    0x0800c094   0x000000c0   Code   RO         6628    i.TP_Read_XY2       touch.o
    0x0800c154   0x00000080   Code   RO         6629    i.TP_Save_Adjdata   touch.o
    0x0800c1d4   0x000000f8   Code   RO         6630    i.TP_Scan           touch.o
    0x0800c2cc   0x00000058   Code   RO         6631    i.TP_Write_Byte     touch.o
    0x0800c324   0x000000e8   Code   RO         5219    i.TouchGetMsg       touchscreen.o
    0x0800c40c   0x00000008   Code   RO         5220    i.TouchInit         touchscreen.o
    0x0800c414   0x000000ea   Code   RO         2316    i.UART_AdvFeatureConfig  stm32h7xx_hal_uart.o
    0x0800c4fe   0x00000074   Code   RO         2317    i.UART_CheckIdleState  stm32h7xx_hal_uart.o
    0x0800c572   0x00000018   Code   RO         2318    i.UART_DMAAbortOnError  stm32h7xx_hal_uart.o
    0x0800c58a   0x00000020   Code   RO         2328    i.UART_EndRxTransfer  stm32h7xx_hal_uart.o
    0x0800c5aa   0x00000020   Code   RO         2329    i.UART_EndTransmit_IT  stm32h7xx_hal_uart.o
    0x0800c5ca   0x0000008a   Code   RO         2331    i.UART_Receive_IT   stm32h7xx_hal_uart.o
    0x0800c654   0x000009a4   Code   RO         2332    i.UART_SetConfig    stm32h7xx_hal_uart.o
    0x0800cff8   0x00000082   Code   RO         2333    i.UART_Transmit_IT  stm32h7xx_hal_uart.o
    0x0800d07a   0x0000006c   Code   RO         2334    i.UART_WaitOnFlagUntilTimeout  stm32h7xx_hal_uart.o
    0x0800d0e6   0x00000002   PAD
    0x0800d0e8   0x00000050   Code   RO          706    i.USART1_IRQHandler  usart.o
    0x0800d138   0x00000004   Code   RO          460    i.UsageFault_Handler  stm32h7xx_it.o
    0x0800d13c   0x00000234   Code   RO         6437    i.WndDraw           window.o
    0x0800d370   0x0000008a   Code   RO         6439    i.WndTranslateMsg   window.o
    0x0800d3fa   0x00000030   Code   RO         7122    i.__ARM_fpclassify  m_wv.l(fpclassify.o)
    0x0800d42a   0x00000002   PAD
    0x0800d42c   0x00000010   Code   RO         1104    i.__NVIC_GetPriorityGrouping  stm32h7xx_hal_cortex.o
    0x0800d43c   0x00000028   Code   RO         1105    i.__NVIC_SetPriority  stm32h7xx_hal_cortex.o
    0x0800d464   0x00000004   PAD
    0x0800d468   0x000000b0   Code   RO         6907    i.__hardfp_cos      m_wv.l(cos.o)
    0x0800d518   0x000000b0   Code   RO         6919    i.__hardfp_sin      m_wv.l(sin.o)
    0x0800d5c8   0x00000066   Code   RO         6931    i.__hardfp_sqrt     m_wv.l(sqrt.o)
    0x0800d62e   0x00000002   PAD
    0x0800d630   0x00000310   Code   RO         7053    i.__ieee754_rem_pio2  m_wv.l(rred.o)
    0x0800d940   0x000000e0   Code   RO         7036    i.__kernel_cos      m_wv.l(cos_i.o)
    0x0800da20   0x00000070   Code   RO         7124    i.__kernel_poly     m_wv.l(poly.o)
    0x0800da90   0x000000a8   Code   RO         7058    i.__kernel_sin      m_wv.l(sin_i.o)
    0x0800db38   0x00000018   Code   RO         7042    i.__mathlib_dbl_invalid  m_wv.l(dunder.o)
    0x0800db50   0x00000018   Code   RO         7045    i.__mathlib_dbl_underflow  m_wv.l(dunder.o)
    0x0800db68   0x0000000e   Code   RO         6885    i._is_digit         c_w.l(__printf_wp.o)
    0x0800db76   0x00000004   Code   RO          707    i._sys_exit         usart.o
    0x0800db7a   0x00000002   PAD
    0x0800db7c   0x00000014   Code   RO          603    i.delay_init        delay.o
    0x0800db90   0x00000018   Code   RO          604    i.delay_ms          delay.o
    0x0800dba8   0x00000048   Code   RO          605    i.delay_us          delay.o
    0x0800dbf0   0x00000018   Code   RO         7118    i.fabs              m_wv.l(fabs.o)
    0x0800dc08   0x0000001c   Code   RO          708    i.fputc             usart.o
    0x0800dc24   0x000001ac   Code   RO            9    i.main              main.o
    0x0800ddd0   0x00000038   Code   RO          709    i.uart_init         usart.o
    0x0800de08   0x0000000a   Code   RO         7114    x$fpl$fpinit        fz_wv.l(fpinit.o)
    0x0800de12   0x00000000   Code   RO         7035    x$fpl$usenofp       fz_wv.l(usenofp.o)
    0x0800de12   0x00000040   Data   RO          529    .constdata          system_stm32h7xx.o
    0x0800de52   0x00000030   Data   RO         2335    .constdata          stm32h7xx_hal_uart.o
    0x0800de82   0x00004770   Data   RO         4742    .constdata          lcd.o
    0x080125f2   0x000016a2   Data   RO         5130    .constdata          image.o
    0x08013c94   0x000015b8   Data   RO         5616    .constdata          golfontdefault.o
    0x0801524c   0x00000071   Data   RO         5842    .constdata          meter.o
    0x080152bd   0x00000001   PAD
    0x080152be   0x000000fe   Data   RO         6564    .constdata          gt9271.o
    0x080153bc   0x00000034   Data   RO         6632    .constdata          touch.o
    0x080153f0   0x00000028   Data   RO         6858    .constdata          c_w.l(_printf_hex_int.o)
    0x08015418   0x00000011   Data   RO         6888    .constdata          c_w.l(__printf_flags_wp.o)
    0x08015429   0x00000007   PAD
    0x08015430   0x00000030   Data   RO         7037    .constdata          m_wv.l(cos_i.o)
    0x08015460   0x000000c8   Data   RO         7055    .constdata          m_wv.l(rred.o)
    0x08015528   0x00000028   Data   RO         7059    .constdata          m_wv.l(sin_i.o)
    0x08015550   0x00000079   Data   RO         6633    .conststring        touch.o
    0x080155c9   0x00000003   PAD
    0x080155cc   0x00000020   Data   RO         7211    Region$$Table       anon$$obj.o


    Execution Region RW_IRAM2 (Base: 0x24000000, Size: 0x00000b00, Max: 0x00080000, ABSOLUTE, COMPRESSED[0x0000004c])

    Base Addr    Size         Type   Attr      Idx    E Section Name        Object

    0x24000000   0x00000034   Data   RW           13    .data               main.o
    0x24000034   0x00000008   Data   RW          530    .data               system_stm32h7xx.o
    0x2400003c   0x00000004   Data   RW          607    .data               delay.o
    0x24000040   0x00000007   Data   RW          712    .data               usart.o
    0x24000047   0x00000001   PAD
    0x24000048   0x00000009   Data   RW          820    .data               stm32h7xx_hal.o
    0x24000051   0x00000003   PAD
    0x24000054   0x0000000e   Data   RW         4743    .data               lcd.o
    0x24000062   0x00000002   PAD
    0x24000064   0x00000008   Data   RW         4889    .data               ltdc.o
    0x2400006c   0x00000010   Data   RW         5131    .data               image.o
    0x2400007c   0x0000000c   Data   RW         5160    .data               drvtft001.o
    0x24000088   0x00000004   Data   RW         5222    .data               touchscreen.o
    0x2400008c   0x00000008   Data   RW         5258    .data               button.o
    0x24000094   0x00000001   Data   RW         5333    .data               checkbox.o
    0x24000095   0x00000001   Data   RW         5406    .data               editbox.o
    0x24000096   0x00000002   PAD
    0x24000098   0x0000002c   Data   RW         5477    .data               gol.o
    0x240000c4   0x00000008   Data   RW         5714    .data               groupbox.o
    0x240000cc   0x0000000a   Data   RW         5761    .data               listbox.o
    0x240000d6   0x00000002   PAD
    0x240000d8   0x00000024   Data   RW         5843    .data               meter.o
    0x240000fc   0x0000000a   Data   RW         5898    .data               picture.o
    0x24000106   0x00000002   PAD
    0x24000108   0x00000047   Data   RW         5953    .data               primitive.o
    0x2400014f   0x00000001   PAD
    0x24000150   0x0000000d   Data   RW         6122    .data               progressbar.o
    0x2400015d   0x00000003   PAD
    0x24000160   0x00000010   Data   RW         6180    .data               radiobutton.o
    0x24000170   0x00000008   Data   RW         6241    .data               rounddial.o
    0x24000178   0x00000016   Data   RW         6293    .data               slider.o
    0x2400018e   0x00000002   PAD
    0x24000190   0x0000000c   Data   RW         6373    .data               statictext.o
    0x2400019c   0x00000001   Data   RW         6441    .data               window.o
    0x2400019d   0x00000002   Data   RW         6565    .data               gt9271.o
    0x2400019f   0x00000001   PAD
    0x240001a0   0x0000004a   Data   RW         6634    .data               touch.o
    0x240001ea   0x00000002   PAD
    0x240001ec   0x00000148   Zero   RW          710    .bss                usart.o
    0x24000334   0x00000034   Zero   RW         4666    .bss                sdram.o
    0x24000368   0x0000000e   Zero   RW         4741    .bss                lcd.o
    0x24000376   0x00000002   PAD
    0x24000378   0x00000128   Zero   RW         4887    .bss                ltdc.o
    0x240004a0   0x00000060   Zero   RW         7067    .bss                c_w.l(libspace.o)
    0x24000500   0x00000200   Zero   RW          594    HEAP                startup_stm32h743xx.o
    0x24000700   0x00000400   Zero   RW          593    STACK               startup_stm32h743xx.o



  Load Region LR$$.ARM.__AT_0xC0000000 (Base: 0xc0000000, Size: 0x00000000, Max: 0x001f4000, ABSOLUTE)

    Execution Region ER$$.ARM.__AT_0xC0000000 (Base: 0xc0000000, Size: 0x001f4000, Max: 0x001f4000, ABSOLUTE, UNINIT)

    Base Addr    Size         Type   Attr      Idx    E Section Name        Object

    0xc0000000   0x001f4000   Zero   RW         4886    .ARM.__AT_0xC0000000  ltdc.o


==============================================================================

Image component sizes


      Code (inc. data)   RO Data    RW Data    ZI Data      Debug   Object Name

       254          0          0          0          0       2618   24cxx.o
      1256         86          0          8          0       4164   button.o
       890         68          0          1          0       2669   checkbox.o
       786         76          0          0          0       5309   ctiic.o
       116          8          0          4          0       1927   delay.o
       200         30          0         12          0       2661   drvtft001.o
       892         76          0          1          0       3688   editbox.o
      2126        136          0         44          0      11842   gol.o
         0          0       5560          0          0        593   golfontdefault.o
       852         42          0          8          0       2258   groupbox.o
       190          0          0          0          0       1964   gt9147.o
      1210         84        254          2          0       4634   gt9271.o
         0          0       5794         16          0        657   image.o
       168         18          0          0          0        947   key.o
      1564         90      18288         14         14      12051   lcd.o
        88         10          0          0          0        819   led.o
      1534        106          0         10          0       4156   listbox.o
      1642        122          0          8    2048296       9498   ltdc.o
       428         98          0         52          0    1234912   main.o
      3350        256        113         36          0       4801   meter.o
       672         42          0          0          0       3843   myiic.o
       592         38          0         10          0       1902   picture.o
      5364        302          0         71          0      20695   primitive.o
       796         74          0         13          0       2010   progressbar.o
       896         84          0         16          0       3165   radiobutton.o
      1356         76          0          8          0       3151   rounddial.o
       576         46          0          0         52       3530   sdram.o
      2546        194          0         22          0       7869   slider.o
        64         26        664          0       1536        816   startup_stm32h743xx.o
       748         64          0         12          0       2094   statictext.o
       160         32          0          9          0       3807   stm32h7xx_hal.o
       342         22          0          0          0      39225   stm32h7xx_hal_cortex.o
       248         12          0          0          0       2031   stm32h7xx_hal_dma.o
       614         54          0          0          0       3075   stm32h7xx_hal_gpio.o
      1124          6          0          0          0       4565   stm32h7xx_hal_ltdc.o
         2          0          0          0          0        426   stm32h7xx_hal_msp.o
      3048         86          0          0          0       5832   stm32h7xx_hal_rcc.o
      4692        118          0          0          0       7235   stm32h7xx_hal_rcc_ex.o
       178          4          0          0          0       2668   stm32h7xx_hal_sdram.o
      4094        140         48          0          0      12488   stm32h7xx_hal_uart.o
         2          0          0          0          0        928   stm32h7xx_hal_uart_ex.o
        28          0          0          0          0       3442   stm32h7xx_it.o
       324          4          0          0          0       3304   stm32h7xx_ll_fmc.o
       556         30          0          0          0      37177   sys.o
       148         18         64          8          0       1178   system_stm32h7xx.o
      3676        248        173         74          0      10609   touch.o
       240         40          0          4          0       1606   touchscreen.o
       456         62          0          7        328       5309   usart.o
       702         72          0          1          0       2004   window.o

    ----------------------------------------------------------------------
     51832       3204      30994        492    2050228    1508152   Object Totals
         0          0         32          0          0          0   (incl. Generated)
        42          4          4         21          2          0   (incl. Padding)

    ----------------------------------------------------------------------

      Code (inc. data)   RO Data    RW Data    ZI Data      Debug   Library Member Name

        90          0          0          0          0          0   __dczerorl2.o
         8          0          0          0          0         68   __main.o
       312          4         17          0          0         92   __printf_flags_wp.o
        14          0          0          0          0         68   __printf_wp.o
         0          0          0          0          0          0   __rtentry.o
        12          0          0          0          0          0   __rtentry2.o
         6          0          0          0          0          0   __rtentry4.o
        52          8          0          0          0          0   __scatter.o
        28          0          0          0          0          0   __scatter_zi.o
        44          0          0          0          0        108   _printf_char.o
        48          6          0          0          0         96   _printf_char_common.o
        36          4          0          0          0         80   _printf_char_file.o
         6          0          0          0          0          0   _printf_d.o
       120         16          0          0          0         92   _printf_dec.o
        88          4         40          0          0         88   _printf_hex_int.o
       178          0          0          0          0         88   _printf_intcommon.o
        78          0          0          0          0        108   _printf_pad.o
         0          0          0          0          0          0   _printf_percent.o
         4          0          0          0          0          0   _printf_percent_end.o
         6          0          0          0          0          0   _printf_s.o
        82          0          0          0          0         80   _printf_str.o
         6          0          0          0          0          0   _printf_x.o
        22          0          0          0          0        100   _rserrno.o
        10          0          0          0          0         68   _sputc.o
        10          0          0          0          0         68   defsig_exit.o
        50          0          0          0          0         88   defsig_general.o
        80         58          0          0          0         76   defsig_rtmem_inner.o
        14          0          0          0          0         80   defsig_rtmem_outer.o
        18          0          0          0          0         80   exit.o
         8          0          0          0          0         68   ferror.o
        94          0          0          0          0         80   h1_alloc.o
        52          0          0          0          0         68   h1_extend.o
        78          0          0          0          0         80   h1_free.o
        14          0          0          0          0         84   h1_init.o
         6          0          0          0          0        152   heapauxi.o
         4          0          0          0          0        136   hguard.o
         0          0          0          0          0          0   indicate_semi.o
       138          0          0          0          0        168   init_alloc.o
         2          0          0          0          0          0   libinit.o
        14          0          0          0          0          0   libinit2.o
         2          0          0          0          0          0   libshutdown.o
         2          0          0          0          0          0   libshutdown2.o
         8          4          0          0         96         68   libspace.o
       238          0          0          0          0        100   lludivv7m.o
         0          0          0          0          0          0   maybetermalloc1.o
        24          4          0          0          0         84   noretval__2printf.o
        40          6          0          0          0         84   noretval__2sprintf.o
         8          4          0          0          0         68   rt_errno_addr_intlibspace.o
         8          4          0          0          0         68   rt_heap_descriptor_intlibspace.o
       100          0          0          0          0         80   rt_memcpy_w.o
         2          0          0          0          0          0   rtexit.o
        10          0          0          0          0          0   rtexit2.o
       104          0          0          0          0         68   strcmpv7m_pel.o
        74          0          0          0          0         80   sys_stackheap_outer.o
        14          0          0          0          0         76   sys_wrch.o
         2          0          0          0          0         68   use_no_semi.o
        10          0          0          0          0        116   fpinit.o
         0          0          0          0          0          0   usenofp.o
       176         18          0          0          0        156   cos.o
       224         42         48          0          0        184   cos_i.o
        48         28          0          0          0        232   dunder.o
        24          0          0          0          0        124   fabs.o
        48          0          0          0          0        124   fpclassify.o
       112          0          0          0          0        116   poly.o
       784        138        200          0          0        172   rred.o
       176         18          0          0          0        160   sin.o
       168         24         40          0          0        196   sin_i.o
       102          0          0          0          0        140   sqrt.o

    ----------------------------------------------------------------------
      4354        390        352          0         96       4928   Library Totals
        14          0          7          0          0          0   (incl. Padding)

    ----------------------------------------------------------------------

      Code (inc. data)   RO Data    RW Data    ZI Data      Debug   Library Name

      2468        122         57          0         96       3208   c_w.l
        10          0          0          0          0        116   fz_wv.l
      1862        268        288          0          0       1604   m_wv.l

    ----------------------------------------------------------------------
      4354        390        352          0         96       4928   Library Totals

    ----------------------------------------------------------------------

==============================================================================


      Code (inc. data)   RO Data    RW Data    ZI Data      Debug   

     56186       3594      31346        492    2050324    1488012   Grand Totals
     56186       3594      31346         76    2050324    1488012   ELF Image Totals (compressed)
     56186       3594      31346         76          0          0   ROM Totals

==============================================================================

    Total RO  Size (Code + RO Data)                87532 (  85.48kB)
    Total RW  Size (RW Data + ZI Data)           2050816 (2002.75kB)
    Total ROM Size (Code + RO Data + RW Data)      87608 (  85.55kB)

==============================================================================

